Archive member included to satisfy reference by file (symbol)

/usr/lib/gcc/arm-none-eabi/8.3.1/thumb/v6-m/nofp/libgcc.a(_dvmd_tls.o)
                              CMakeFiles/picoMIDIborg.dir/home/pi/pico/pico-sdk/src/rp2_common/pico_divider/divider.S.obj (__aeabi_idiv0)
/usr/lib/gcc/arm-none-eabi/8.3.1/../../../arm-none-eabi/lib/thumb/v6-m/nofp/libg.a(lib_a-atexit.o)
                              /usr/lib/gcc/arm-none-eabi/8.3.1/../../../arm-none-eabi/lib/thumb/v6-m/nofp/crt0.o (atexit)
/usr/lib/gcc/arm-none-eabi/8.3.1/../../../arm-none-eabi/lib/thumb/v6-m/nofp/libg.a(lib_a-calloc.o)
                              CMakeFiles/picoMIDIborg.dir/home/pi/pico/pico-sdk/src/rp2_common/pico_malloc/pico_malloc.c.obj (calloc)
/usr/lib/gcc/arm-none-eabi/8.3.1/../../../arm-none-eabi/lib/thumb/v6-m/nofp/libg.a(lib_a-callocr.o)
                              /usr/lib/gcc/arm-none-eabi/8.3.1/../../../arm-none-eabi/lib/thumb/v6-m/nofp/libg.a(lib_a-calloc.o) (_calloc_r)
/usr/lib/gcc/arm-none-eabi/8.3.1/../../../arm-none-eabi/lib/thumb/v6-m/nofp/libg.a(lib_a-fini.o)
                              /usr/lib/gcc/arm-none-eabi/8.3.1/../../../arm-none-eabi/lib/thumb/v6-m/nofp/crt0.o (__libc_fini_array)
/usr/lib/gcc/arm-none-eabi/8.3.1/../../../arm-none-eabi/lib/thumb/v6-m/nofp/libg.a(lib_a-impure.o)
                              /usr/lib/gcc/arm-none-eabi/8.3.1/../../../arm-none-eabi/lib/thumb/v6-m/nofp/libg.a(lib_a-calloc.o) (_impure_ptr)
/usr/lib/gcc/arm-none-eabi/8.3.1/../../../arm-none-eabi/lib/thumb/v6-m/nofp/libg.a(lib_a-init.o)
                              /usr/lib/gcc/arm-none-eabi/8.3.1/../../../arm-none-eabi/lib/thumb/v6-m/nofp/crt0.o (__libc_init_array)
/usr/lib/gcc/arm-none-eabi/8.3.1/../../../arm-none-eabi/lib/thumb/v6-m/nofp/libg.a(lib_a-malloc.o)
                              CMakeFiles/picoMIDIborg.dir/home/pi/pico/pico-sdk/src/rp2_common/pico_malloc/pico_malloc.c.obj (malloc)
/usr/lib/gcc/arm-none-eabi/8.3.1/../../../arm-none-eabi/lib/thumb/v6-m/nofp/libg.a(lib_a-mallocr.o)
                              /usr/lib/gcc/arm-none-eabi/8.3.1/../../../arm-none-eabi/lib/thumb/v6-m/nofp/libg.a(lib_a-callocr.o) (_malloc_r)
/usr/lib/gcc/arm-none-eabi/8.3.1/../../../arm-none-eabi/lib/thumb/v6-m/nofp/libg.a(lib_a-mlock.o)
                              /usr/lib/gcc/arm-none-eabi/8.3.1/../../../arm-none-eabi/lib/thumb/v6-m/nofp/libg.a(lib_a-mallocr.o) (__malloc_lock)
/usr/lib/gcc/arm-none-eabi/8.3.1/../../../arm-none-eabi/lib/thumb/v6-m/nofp/libg.a(lib_a-sbrkr.o)
                              /usr/lib/gcc/arm-none-eabi/8.3.1/../../../arm-none-eabi/lib/thumb/v6-m/nofp/libg.a(lib_a-mallocr.o) (_sbrk_r)
/usr/lib/gcc/arm-none-eabi/8.3.1/../../../arm-none-eabi/lib/thumb/v6-m/nofp/libg.a(lib_a-strlen-stub.o)
                              CMakeFiles/picoMIDIborg.dir/home/pi/pico/pico-sdk/src/rp2_common/pico_stdio/stdio.c.obj (strlen)
/usr/lib/gcc/arm-none-eabi/8.3.1/../../../arm-none-eabi/lib/thumb/v6-m/nofp/libg.a(lib_a-__atexit.o)
                              /usr/lib/gcc/arm-none-eabi/8.3.1/../../../arm-none-eabi/lib/thumb/v6-m/nofp/libg.a(lib_a-atexit.o) (__register_exitproc)
/usr/lib/gcc/arm-none-eabi/8.3.1/../../../arm-none-eabi/lib/thumb/v6-m/nofp/libg.a(lib_a-freer.o)
                              /usr/lib/gcc/arm-none-eabi/8.3.1/../../../arm-none-eabi/lib/thumb/v6-m/nofp/libg.a(lib_a-malloc.o) (_free_r)
/usr/lib/gcc/arm-none-eabi/8.3.1/../../../arm-none-eabi/lib/thumb/v6-m/nofp/libg.a(lib_a-reent.o)
                              /usr/lib/gcc/arm-none-eabi/8.3.1/../../../arm-none-eabi/lib/thumb/v6-m/nofp/libg.a(lib_a-sbrkr.o) (errno)

Allocating common symbols
Common symbol       size              file

sf_table            0x100             CMakeFiles/picoMIDIborg.dir/home/pi/pico/pico-sdk/src/rp2_common/pico_float/float_init_rom.c.obj
errno               0x4               /usr/lib/gcc/arm-none-eabi/8.3.1/../../../arm-none-eabi/lib/thumb/v6-m/nofp/libg.a(lib_a-reent.o)
sd_table            0x100             CMakeFiles/picoMIDIborg.dir/home/pi/pico/pico-sdk/src/rp2_common/pico_double/double_init_rom.c.obj
uart_char_to_line_feed
                    0x4               CMakeFiles/picoMIDIborg.dir/home/pi/pico/pico-sdk/src/rp2_common/hardware_uart/uart.c.obj

Discarded input sections

 .text          0x00000000        0x0 /usr/lib/gcc/arm-none-eabi/8.3.1/thumb/v6-m/nofp/crti.o
 .data          0x00000000        0x0 /usr/lib/gcc/arm-none-eabi/8.3.1/thumb/v6-m/nofp/crti.o
 .bss           0x00000000        0x0 /usr/lib/gcc/arm-none-eabi/8.3.1/thumb/v6-m/nofp/crti.o
 .data          0x00000000        0x4 /usr/lib/gcc/arm-none-eabi/8.3.1/thumb/v6-m/nofp/crtbegin.o
 .fini_array    0x00000000        0x4 /usr/lib/gcc/arm-none-eabi/8.3.1/thumb/v6-m/nofp/crtbegin.o
 .text          0x00000000       0x74 /usr/lib/gcc/arm-none-eabi/8.3.1/../../../arm-none-eabi/lib/thumb/v6-m/nofp/crt0.o
 .data          0x00000000        0x0 /usr/lib/gcc/arm-none-eabi/8.3.1/../../../arm-none-eabi/lib/thumb/v6-m/nofp/crt0.o
[...]
Memory Configuration

Name             Origin             Length             Attributes
FLASH            0x10000000         0x00200000         xr
RAM              0x20000000         0x00040000         xrw
SCRATCH_X        0x20040000         0x00001000         xrw
SCRATCH_Y        0x20041000         0x00001000         xrw
*default*        0x00000000         0xffffffff

Linker script and memory map

LOAD /usr/lib/gcc/arm-none-eabi/8.3.1/thumb/v6-m/nofp/crti.o
LOAD /usr/lib/gcc/arm-none-eabi/8.3.1/thumb/v6-m/nofp/crtbegin.o
LOAD /usr/lib/gcc/arm-none-eabi/8.3.1/../../../arm-none-eabi/lib/thumb/v6-m/nofp/crt0.o

.flash_begin    0x10000000        0x0
                0x10000000                __flash_binary_start = .

.boot2          0x10000000      0x100
                0x10000000                __boot2_start__ = .
 *(.boot2)
 .boot2         0x10000000      0x100 /tmp/ccqvqR3n.o
                0x10000100                __boot2_end__ = .
                0x00000001                ASSERT (((__boot2_end__ - __boot2_start__) == 0x100), ERROR: Pico second stage bootloader must be 256 bytes in size)

.text           0x10000100     0x3fd0
                0x10000100                __logical_binary_start = .
 *(.vectors)
 .vectors       0x10000100       0xd4 CMakeFiles/picoMIDIborg.dir/home/pi/pico/pico-sdk/src/rp2_common/pico_standard_link/crt0.S.obj
                0x10000100                __vectors
                0x10000100                __VECTOR_TABLE
                0x100001c0                isr_invalid
                0x100001c0                __default_isrs_start
                0x100001c2                isr_nmi
                0x100001c4                isr_hardfault
                0x100001c6                isr_svcall
                0x100001c8                isr_pendsv
                0x100001ca                isr_systick
                0x100001cc                isr_irq30
                0x100001cc                __unhandled_user_irq
                0x100001cc                isr_irq13
                0x100001cc                isr_irq27
                0x100001cc                isr_irq31
                0x100001cc                isr_irq5
                0x100001cc                isr_irq11
                0x100001cc                isr_irq23
                0x100001cc                isr_irq18
                0x100001cc                isr_irq28
                0x100001cc                isr_irq19
                0x100001cc                isr_irq0
                0x100001cc                isr_irq6
                0x100001cc                isr_irq22
                0x100001cc                isr_irq17
                0x100001cc                isr_irq14
                0x100001cc                isr_irq2
                0x100001cc                isr_irq10
                0x100001cc                isr_irq8
                0x100001cc                isr_irq24
                0x100001cc                isr_irq1
                0x100001cc                isr_irq7
                0x100001cc                isr_irq21
                0x100001cc                isr_irq20
                0x100001cc                isr_irq15
                0x100001cc                isr_irq25
                0x100001cc                isr_irq4
                0x100001cc                isr_irq16
                0x100001cc                isr_irq29
                0x100001cc                isr_irq26
                0x100001cc                __default_isrs_end
                0x100001cc                isr_irq3
                0x100001cc                isr_irq12
                0x100001cc                isr_irq9
                0x100001d2                unhandled_user_irq_num_in_r0
 *(.binary_info_header)
 .binary_info_header
                0x100001d4       0x14 CMakeFiles/picoMIDIborg.dir/home/pi/pico/pico-sdk/src/rp2_common/pico_standard_link/crt0.S.obj
                0x100001e8                __binary_info_header_end = .
 *(.reset)
 .reset         0x100001e8       0xa8 CMakeFiles/picoMIDIborg.dir/home/pi/pico/pico-sdk/src/rp2_common/pico_standard_link/crt0.S.obj
                0x100001e8                _entry_point
                0x10000266                __get_current_exception
 .reset         0x10000290       0x30 CMakeFiles/picoMIDIborg.dir/home/pi/pico/pico-sdk/src/rp2_common/pico_standard_link/binary_info.c.obj
 *(.init)
 .init          0x100002c0        0x4 /usr/lib/gcc/arm-none-eabi/8.3.1/thumb/v6-m/nofp/crti.o
                0x100002c0                _init
 *(EXCLUDE_FILE(*libm.a: *libc.a:*lib_a-mem*.o *libgcc.a:) .text*)
 .text          0x100002c4       0x98 /usr/lib/gcc/arm-none-eabi/8.3.1/thumb/v6-m/nofp/crtbegin.o
 .text.main     0x1000035c       0x20 CMakeFiles/picoMIDIborg.dir/main.c.obj
                0x1000035c                main
 .text.led_setup
                0x1000037c       0x16 CMakeFiles/picoMIDIborg.dir/extrafunc.c.obj
                0x1000037c                led_setup
 .text.led_ctrl
                0x10000392       0x1e CMakeFiles/picoMIDIborg.dir/extrafunc.c.obj
                0x10000392                led_ctrl
 .text.gpio_set_function
                0x100003b0       0x30 CMakeFiles/picoMIDIborg.dir/home/pi/pico/pico-sdk/src/rp2_common/hardware_gpio/gpio.c.obj
                0x100003b0                gpio_set_function
 .text.gpio_init
                0x100003e0       0x16 CMakeFiles/picoMIDIborg.dir/home/pi/pico/pico-sdk/src/rp2_common/hardware_gpio/gpio.c.obj
                0x100003e0                gpio_init
 *fill*         0x100003f6        0x2 
 .text.hw_claim_lock
                0x100003f8       0x18 CMakeFiles/picoMIDIborg.dir/home/pi/pico/pico-sdk/src/rp2_common/hardware_claim/claim.c.obj
                0x100003f8                hw_claim_lock
 .text.hw_claim_unlock
                0x10000410       0x14 CMakeFiles/picoMIDIborg.dir/home/pi/pico/pico-sdk/src/rp2_common/hardware_claim/claim.c.obj
                0x10000410                hw_claim_unlock
 .text.hw_claim_or_assert
                0x10000424       0x32 CMakeFiles/picoMIDIborg.dir/home/pi/pico/pico-sdk/src/rp2_common/hardware_claim/claim.c.obj
                0x10000424                hw_claim_or_assert
 *fill*         0x10000456        0x2 
 .text.running_on_fpga
                0x10000458       0x14 CMakeFiles/picoMIDIborg.dir/home/pi/pico/pico-sdk/src/rp2_common/pico_platform/platform.c.obj
                0x10000458                running_on_fpga
 .text.spin_locks_reset
                0x1000046c       0x20 CMakeFiles/picoMIDIborg.dir/home/pi/pico/pico-sdk/src/rp2_common/hardware_sync/sync.c.obj
                0x1000046c                spin_locks_reset
 .text.next_striped_spin_lock_num
                0x1000048c       0x1c CMakeFiles/picoMIDIborg.dir/home/pi/pico/pico-sdk/src/rp2_common/hardware_sync/sync.c.obj
                0x1000048c                next_striped_spin_lock_num
 .text.sleep_until_callback
                0x100004a8       0x30 CMakeFiles/picoMIDIborg.dir/home/pi/pico/pico-sdk/src/common/pico_time/time.c.obj
 .text.alarm_pool_post_alloc_init
                0x100004d8       0x40 CMakeFiles/picoMIDIborg.dir/home/pi/pico/pico-sdk/src/common/pico_time/time.c.obj
 .text.timer_pool_entry_comparator
                0x10000518       0x7c CMakeFiles/picoMIDIborg.dir/home/pi/pico/pico-sdk/src/common/pico_time/time.c.obj
                0x10000518                timer_pool_entry_comparator
 .text.ph_add_child_node
                0x10000594       0xa4 CMakeFiles/picoMIDIborg.dir/home/pi/pico/pico-sdk/src/common/pico_time/time.c.obj
 .text.ph_merge_nodes
                0x10000638       0x3e CMakeFiles/picoMIDIborg.dir/home/pi/pico/pico-sdk/src/common/pico_time/time.c.obj
 *fill*         0x10000676        0x2 
 .text.add_alarm_under_lock
                0x10000678      0x180 CMakeFiles/picoMIDIborg.dir/home/pi/pico/pico-sdk/src/common/pico_time/time.c.obj
 .text.alarm_pool_alarm_callback
                0x100007f8      0x328 CMakeFiles/picoMIDIborg.dir/home/pi/pico/pico-sdk/src/common/pico_time/time.c.obj
 .text.alarm_pool_init_default
                0x10000b20       0x38 CMakeFiles/picoMIDIborg.dir/home/pi/pico/pico-sdk/src/common/pico_time/time.c.obj
                0x10000b20                alarm_pool_init_default
 .text.alarm_pool_get_default
                0x10000b58       0x2c CMakeFiles/picoMIDIborg.dir/home/pi/pico/pico-sdk/src/common/pico_time/time.c.obj
                0x10000b58                alarm_pool_get_default
 .text.alarm_pool_add_alarm_at
                0x10000b84      0x154 CMakeFiles/picoMIDIborg.dir/home/pi/pico/pico-sdk/src/common/pico_time/time.c.obj
                0x10000b84                alarm_pool_add_alarm_at
 .text.sleep_until
                0x10000cd8       0xf8 CMakeFiles/picoMIDIborg.dir/home/pi/pico/pico-sdk/src/common/pico_time/time.c.obj
                0x10000cd8                sleep_until
 .text.sleep_us
                0x10000dd0       0x54 CMakeFiles/picoMIDIborg.dir/home/pi/pico/pico-sdk/src/common/pico_time/time.c.obj
                0x10000dd0                sleep_us
 .text.sleep_ms
                0x10000e24       0x14 CMakeFiles/picoMIDIborg.dir/home/pi/pico/pico-sdk/src/common/pico_time/time.c.obj
                0x10000e24                sleep_ms
 .text.hardware_alarm_irq_handler
                0x10000e38       0x8c CMakeFiles/picoMIDIborg.dir/home/pi/pico/pico-sdk/src/rp2_common/hardware_timer/timer.c.obj
 .text.hardware_alarm_claim
                0x10000ec4       0x18 CMakeFiles/picoMIDIborg.dir/home/pi/pico/pico-sdk/src/rp2_common/hardware_timer/timer.c.obj
                0x10000ec4                hardware_alarm_claim
 .text.time_us_64
                0x10000edc       0x18 CMakeFiles/picoMIDIborg.dir/home/pi/pico/pico-sdk/src/rp2_common/hardware_timer/timer.c.obj
                0x10000edc                time_us_64
 .text.busy_wait_until
                0x10000ef4       0x24 CMakeFiles/picoMIDIborg.dir/home/pi/pico/pico-sdk/src/rp2_common/hardware_timer/timer.c.obj
                0x10000ef4                busy_wait_until
 .text.hardware_alarm_set_callback
                0x10000f18       0x90 CMakeFiles/picoMIDIborg.dir/home/pi/pico/pico-sdk/src/rp2_common/hardware_timer/timer.c.obj
                0x10000f18                hardware_alarm_set_callback
 .text.hardware_alarm_set_target
                0x10000fa8       0xe8 CMakeFiles/picoMIDIborg.dir/home/pi/pico/pico-sdk/src/rp2_common/hardware_timer/timer.c.obj
                0x10000fa8                hardware_alarm_set_target
 .text.hardware_alarm_cancel
                0x10001090       0x40 CMakeFiles/picoMIDIborg.dir/home/pi/pico/pico-sdk/src/rp2_common/hardware_timer/timer.c.obj
                0x10001090                hardware_alarm_cancel
 .text.lock_init
                0x100010d0       0x10 CMakeFiles/picoMIDIborg.dir/home/pi/pico/pico-sdk/src/common/pico_sync/lock_core.c.obj
                0x100010d0                lock_init
 .text.mutex_init
                0x100010e0       0x1a CMakeFiles/picoMIDIborg.dir/home/pi/pico/pico-sdk/src/common/pico_sync/mutex.c.obj
                0x100010e0                mutex_init
 .text.recursive_mutex_init
                0x100010fa       0x1e CMakeFiles/picoMIDIborg.dir/home/pi/pico/pico-sdk/src/common/pico_sync/mutex.c.obj
                0x100010fa                recursive_mutex_init
 .text.ph_add_child_node
                0x10001118       0xa4 CMakeFiles/picoMIDIborg.dir/home/pi/pico/pico-sdk/src/common/pico_util/pheap.c.obj
 .text.ph_merge_nodes
                0x100011bc       0x3e CMakeFiles/picoMIDIborg.dir/home/pi/pico/pico-sdk/src/common/pico_util/pheap.c.obj
 *fill*         0x100011fa        0x2 
 .text.ph_clear
                0x100011fc       0x70 CMakeFiles/picoMIDIborg.dir/home/pi/pico/pico-sdk/src/common/pico_util/pheap.c.obj
                0x100011fc                ph_clear
 .text.ph_post_alloc_init
                0x1000126c        0xe CMakeFiles/picoMIDIborg.dir/home/pi/pico/pico-sdk/src/common/pico_util/pheap.c.obj
                0x1000126c                ph_post_alloc_init
 *fill*         0x1000127a        0x2 
 .text.ph_merge_two_pass
                0x1000127c       0xac CMakeFiles/picoMIDIborg.dir/home/pi/pico/pico-sdk/src/common/pico_util/pheap.c.obj
                0x1000127c                ph_merge_two_pass
 .text.ph_remove_any_head
                0x10001328      0x108 CMakeFiles/picoMIDIborg.dir/home/pi/pico/pico-sdk/src/common/pico_util/pheap.c.obj
 .text.ph_remove_head
                0x10001430       0x14 CMakeFiles/picoMIDIborg.dir/home/pi/pico/pico-sdk/src/common/pico_util/pheap.c.obj
                0x10001430                ph_remove_head
 .text.ph_remove_and_free_node
                0x10001444       0xf8 CMakeFiles/picoMIDIborg.dir/home/pi/pico/pico-sdk/src/common/pico_util/pheap.c.obj
                0x10001444                ph_remove_and_free_node
 .text._exit    0x1000153c        0x4 CMakeFiles/picoMIDIborg.dir/home/pi/pico/pico-sdk/src/rp2_common/pico_runtime/runtime.c.obj
                0x1000153c                _exit
 .text.exit     0x10001540        0x6 CMakeFiles/picoMIDIborg.dir/home/pi/pico/pico-sdk/src/rp2_common/pico_runtime/runtime.c.obj
                0x10001540                exit
 *fill*         0x10001546        0x2 
 .text.__assert_func
                0x10001548       0x3c CMakeFiles/picoMIDIborg.dir/home/pi/pico/pico-sdk/src/rp2_common/pico_runtime/runtime.c.obj
                0x10001548                __assert_func
 .text.runtime_init
                0x10001584       0xf8 CMakeFiles/picoMIDIborg.dir/home/pi/pico/pico-sdk/src/rp2_common/pico_runtime/runtime.c.obj
                0x10001584                runtime_init
 .text.panic    0x1000167c       0x30 CMakeFiles/picoMIDIborg.dir/home/pi/pico/pico-sdk/src/rp2_common/pico_runtime/runtime.c.obj
                0x1000167c                panic
 .text.clock_configure
                0x100016ac       0xfc CMakeFiles/picoMIDIborg.dir/home/pi/pico/pico-sdk/src/rp2_common/hardware_clocks/clocks.c.obj
                0x100016ac                clock_configure
 .text.clocks_init
                0x100017a8      0x100 CMakeFiles/picoMIDIborg.dir/home/pi/pico/pico-sdk/src/rp2_common/hardware_clocks/clocks.c.obj
                0x100017a8                clocks_init
 .text.set_raw_irq_handler_and_unlock
                0x100018a8       0x28 CMakeFiles/picoMIDIborg.dir/home/pi/pico/pico-sdk/src/rp2_common/hardware_irq/irq.c.obj
 .text.make_branch
                0x100018d0       0x34 CMakeFiles/picoMIDIborg.dir/home/pi/pico/pico-sdk/src/rp2_common/hardware_irq/irq.c.obj
 .text.insert_branch_and_link
                0x10001904       0x40 CMakeFiles/picoMIDIborg.dir/home/pi/pico/pico-sdk/src/rp2_common/hardware_irq/irq.c.obj
 .text.irq_is_enabled
                0x10001944       0x18 CMakeFiles/picoMIDIborg.dir/home/pi/pico/pico-sdk/src/rp2_common/hardware_irq/irq.c.obj
                0x10001944                irq_is_enabled
 .text.irq_set_mask_enabled
                0x1000195c       0x20 CMakeFiles/picoMIDIborg.dir/home/pi/pico/pico-sdk/src/rp2_common/hardware_irq/irq.c.obj
                0x1000195c                irq_set_mask_enabled
 .text.irq_set_enabled
                0x1000197c        0xe CMakeFiles/picoMIDIborg.dir/home/pi/pico/pico-sdk/src/rp2_common/hardware_irq/irq.c.obj
                0x1000197c                irq_set_enabled
 *fill*         0x1000198a        0x2 
 .text.irq_get_vtable_handler
                0x1000198c       0x10 CMakeFiles/picoMIDIborg.dir/home/pi/pico/pico-sdk/src/rp2_common/hardware_irq/irq.c.obj
                0x1000198c                irq_get_vtable_handler
 .text.irq_set_exclusive_handler
                0x1000199c       0x54 CMakeFiles/picoMIDIborg.dir/home/pi/pico/pico-sdk/src/rp2_common/hardware_irq/irq.c.obj
                0x1000199c                irq_set_exclusive_handler
 .text.irq_remove_handler
                0x100019f0      0x1a8 CMakeFiles/picoMIDIborg.dir/home/pi/pico/pico-sdk/src/rp2_common/hardware_irq/irq.c.obj
                0x100019f0                irq_remove_handler
 .text.irq_add_tail_to_free_list
                0x10001b98       0xf0 CMakeFiles/picoMIDIborg.dir/home/pi/pico/pico-sdk/src/rp2_common/hardware_irq/irq.c.obj
                0x10001b98                irq_add_tail_to_free_list
 .text.irq_init_priorities
                0x10001c88       0x1c CMakeFiles/picoMIDIborg.dir/home/pi/pico/pico-sdk/src/rp2_common/hardware_irq/irq.c.obj
                0x10001c88                irq_init_priorities
 .text.pll_init
                0x10001ca4      0x114 CMakeFiles/picoMIDIborg.dir/home/pi/pico/pico-sdk/src/rp2_common/hardware_pll/pll.c.obj
                0x10001ca4                pll_init
 .text.watchdog_start_tick
                0x10001db8       0x10 CMakeFiles/picoMIDIborg.dir/home/pi/pico/pico-sdk/src/rp2_common/hardware_watchdog/watchdog.c.obj
                0x10001db8                watchdog_start_tick
 .text.xosc_init
                0x10001dc8       0x28 CMakeFiles/picoMIDIborg.dir/home/pi/pico/pico-sdk/src/rp2_common/hardware_xosc/xosc.c.obj
                0x10001dc8                xosc_init
 .text._out_null
                0x10001df0        0x2 CMakeFiles/picoMIDIborg.dir/home/pi/pico/pico-sdk/src/rp2_common/pico_printf/printf.c.obj
 .text._out_fct
                0x10001df2        0xe CMakeFiles/picoMIDIborg.dir/home/pi/pico/pico-sdk/src/rp2_common/pico_printf/printf.c.obj
 .text._atoi    0x10001e00       0x28 CMakeFiles/picoMIDIborg.dir/home/pi/pico/pico-sdk/src/rp2_common/pico_printf/printf.c.obj
 .text._out_rev
                0x10001e28       0x8c CMakeFiles/picoMIDIborg.dir/home/pi/pico/pico-sdk/src/rp2_common/pico_printf/printf.c.obj
 .text._ntoa_format
                0x10001eb4      0x10c CMakeFiles/picoMIDIborg.dir/home/pi/pico/pico-sdk/src/rp2_common/pico_printf/printf.c.obj
 .text._ntoa_long
                0x10001fc0       0xb0 CMakeFiles/picoMIDIborg.dir/home/pi/pico/pico-sdk/src/rp2_common/pico_printf/printf.c.obj
 .text._ntoa_long_long
                0x10002070       0xe6 CMakeFiles/picoMIDIborg.dir/home/pi/pico/pico-sdk/src/rp2_common/pico_printf/printf.c.obj
 *fill*         0x10002156        0x2 
 .text._etoa    0x10002158      0x408 CMakeFiles/picoMIDIborg.dir/home/pi/pico/pico-sdk/src/rp2_common/pico_printf/printf.c.obj
 .text._ftoa    0x10002560      0x344 CMakeFiles/picoMIDIborg.dir/home/pi/pico/pico-sdk/src/rp2_common/pico_printf/printf.c.obj
 .text._vsnprintf
                0x100028a4      0x61c CMakeFiles/picoMIDIborg.dir/home/pi/pico/pico-sdk/src/rp2_common/pico_printf/printf.c.obj
 .text.vfctprintf
                0x10002ec0       0x20 CMakeFiles/picoMIDIborg.dir/home/pi/pico/pico-sdk/src/rp2_common/pico_printf/printf.c.obj
                0x10002ec0                vfctprintf
 .text          0x10002ee0       0x10 CMakeFiles/picoMIDIborg.dir/home/pi/pico/pico-sdk/src/rp2_common/pico_bit_ops/bit_ops_aeabi.S.obj
 .text.rom_func_lookup
                0x10002ef0       0x10 CMakeFiles/picoMIDIborg.dir/home/pi/pico/pico-sdk/src/rp2_common/pico_bootrom/bootrom.c.obj
                0x10002ef0                rom_func_lookup
 .text.rom_data_lookup
                0x10002f00       0x10 CMakeFiles/picoMIDIborg.dir/home/pi/pico/pico-sdk/src/rp2_common/pico_bootrom/bootrom.c.obj
                0x10002f00                rom_data_lookup
 .text.rom_funcs_lookup
                0x10002f10       0x36 CMakeFiles/picoMIDIborg.dir/home/pi/pico/pico-sdk/src/rp2_common/pico_bootrom/bootrom.c.obj
                0x10002f10                rom_funcs_lookup
 *fill*         0x10002f46        0x2 
 .text.__wrap___aeabi_idiv
                0x10002f48       0x50 CMakeFiles/picoMIDIborg.dir/home/pi/pico/pico-sdk/src/rp2_common/pico_divider/divider.S.obj
                0x10002f48                __wrap___aeabi_idivmod
                0x10002f48                divmod_s32s32
                0x10002f48                div_s32s32
                0x10002f48                __wrap___aeabi_idiv
                0x10002f50                divmod_s32s32_unsafe
                0x10002f7c                divmod_s32s32_savestate
 .text.__wrap___aeabi_uidiv
                0x10002f98       0x4c CMakeFiles/picoMIDIborg.dir/home/pi/pico/pico-sdk/src/rp2_common/pico_divider/divider.S.obj
                0x10002f98                __wrap___aeabi_uidiv
                0x10002f98                __wrap___aeabi_uidivmod
                0x10002f98                div_u32u32
                0x10002f98                divmod_u32u32
                0x10002fa0                divmod_u32u32_unsafe
                0x10002fc8                divmod_u32u32_savestate
 .text.__wrap___aeabi_ldiv
                0x10002fe4      0x434 CMakeFiles/picoMIDIborg.dir/home/pi/pico/pico-sdk/src/rp2_common/pico_divider/divider.S.obj
                0x10002fe4                div_s64s64
                0x10002fe4                divmod_s64s64
                0x10002fe4                __wrap___aeabi_ldivmod
                0x1000301c                div_u64u64
                0x1000301c                divmod_u64u64
                0x1000301c                __wrap___aeabi_uldivmod
                0x1000302c                divmod_u64u64_savestate
                0x10003054                divmod_s64s64_unsafe
                0x100030dc                divmod_u64u64_unsafe
 .text.__wrap___aeabi_darithmetic
                0x10003418       0x80 CMakeFiles/picoMIDIborg.dir/home/pi/pico/pico-sdk/src/rp2_common/pico_double/double_aeabi.S.obj
                0x10003418                __wrap___aeabi_drsub
                0x1000341e                __wrap___aeabi_dsub
                0x10003430                __wrap___aeabi_dadd
                0x10003442                __wrap___aeabi_ddiv
                0x1000347e                __wrap___aeabi_dmul
 .text.__wrap___aeabi_cdcmple
                0x10003498       0x6c CMakeFiles/picoMIDIborg.dir/home/pi/pico/pico-sdk/src/rp2_common/pico_double/double_aeabi.S.obj
                0x10003498                __wrap___aeabi_cdrcmple
                0x100034a8                __wrap___aeabi_cdcmple
                0x100034a8                __wrap___aeabi_cdcmpeq
 .text.__wrap___aeabi_dcmplt
                0x10003504        0xc CMakeFiles/picoMIDIborg.dir/home/pi/pico/pico-sdk/src/rp2_common/pico_double/double_aeabi.S.obj
                0x10003504                __wrap___aeabi_dcmplt
 .text.__wrap___aeabi_dcmple
                0x10003510       0x10 CMakeFiles/picoMIDIborg.dir/home/pi/pico/pico-sdk/src/rp2_common/pico_double/double_aeabi.S.obj
                0x10003510                __wrap___aeabi_dcmple
 .text.__wrap___aeabi_dcmpge
                0x10003520       0x10 CMakeFiles/picoMIDIborg.dir/home/pi/pico/pico-sdk/src/rp2_common/pico_double/double_aeabi.S.obj
                0x10003520                __wrap___aeabi_dcmpge
 .text.__wrap___aeabi_dcmpgt
                0x10003530        0xa CMakeFiles/picoMIDIborg.dir/home/pi/pico/pico-sdk/src/rp2_common/pico_double/double_aeabi.S.obj
                0x10003530                __wrap___aeabi_dcmpgt
 .text.__wrap___aeabi_dcmpun
                0x1000353a       0x1c CMakeFiles/picoMIDIborg.dir/home/pi/pico/pico-sdk/src/rp2_common/pico_double/double_aeabi.S.obj
                0x1000353a                __wrap___aeabi_dcmpun
 *fill*         0x10003556        0x2 
 .text.__wrap___aeabi_i2d
                0x10003558       0x38 CMakeFiles/picoMIDIborg.dir/home/pi/pico/pico-sdk/src/rp2_common/pico_double/double_aeabi.S.obj
                0x10003558                __wrap___aeabi_ui2d
                0x10003560                __wrap___aeabi_i2d
 .text.__wrap___aeabi_d2iz
                0x10003590       0x48 CMakeFiles/picoMIDIborg.dir/home/pi/pico/pico-sdk/src/rp2_common/pico_double/double_aeabi.S.obj
                0x10003590                __wrap___aeabi_d2iz
                0x10003590                double2int_z
 .text.__wrap___aeabi_d2uiz
                0x100035d8       0x18 CMakeFiles/picoMIDIborg.dir/home/pi/pico/pico-sdk/src/rp2_common/pico_double/double_aeabi.S.obj
                0x100035d8                double2uint
                0x100035d8                __wrap___aeabi_d2uiz
 .text.__aeabi_double_init
                0x100035f0       0xc8 CMakeFiles/picoMIDIborg.dir/home/pi/pico/pico-sdk/src/rp2_common/pico_double/double_init_rom.c.obj
                0x100035f0                __aeabi_double_init
 .text.double_table_shim_on_use_helper
                0x100036b8       0x34 CMakeFiles/picoMIDIborg.dir/home/pi/pico/pico-sdk/src/rp2_common/pico_double/double_v1_rom_shim.S.obj
                0x100036b8                double_table_shim_on_use_helper
 .text.__wrap___aeabi_dsub
                0x100036ec       0x10 CMakeFiles/picoMIDIborg.dir/home/pi/pico/pico-sdk/src/rp2_common/pico_double/double_v1_rom_shim.S.obj
                0x100036ec                drsub_shim
                0x100036f2                dsub_shim
 .text.dadd_shim
                0x100036fc      0x15c CMakeFiles/picoMIDIborg.dir/home/pi/pico/pico-sdk/src/rp2_common/pico_double/double_v1_rom_shim.S.obj
                0x100036fc                dadd_shim
 .text.dmul_shim
                0x10003858      0x15c CMakeFiles/picoMIDIborg.dir/home/pi/pico/pico-sdk/src/rp2_common/pico_double/double_v1_rom_shim.S.obj
                0x10003858                dmul_shim
 .text.ddiv_shim
                0x100039b4      0x1b0 CMakeFiles/picoMIDIborg.dir/home/pi/pico/pico-sdk/src/rp2_common/pico_double/double_v1_rom_shim.S.obj
                0x100039b4                ddiv_shim
 .text.double2uint_shim
                0x10003b64        0xe CMakeFiles/picoMIDIborg.dir/home/pi/pico/pico-sdk/src/rp2_common/pico_double/double_v1_rom_shim.S.obj
                0x10003b64                double2uint_shim
                0x10003b66                double2ufix_shim
 *fill*         0x10003b72        0x2 
 .text.double2uint64_shim
                0x10003b74       0x70 CMakeFiles/picoMIDIborg.dir/home/pi/pico/pico-sdk/src/rp2_common/pico_double/double_v1_rom_shim.S.obj
                0x10003b74                double2uint64_shim
                0x10003b76                double2ufix64_shim
                0x10003b96                d2fix_a
 .text.dunpacks
                0x10003be4       0x3c CMakeFiles/picoMIDIborg.dir/home/pi/pico/pico-sdk/src/rp2_common/pico_double/double_v1_rom_shim.S.obj
                0x10003be4                dunpacks
 .text.__aeabi_lmul
                0x10003c20       0x32 CMakeFiles/picoMIDIborg.dir/home/pi/pico/pico-sdk/src/rp2_common/pico_int64_ops/pico_int64_ops_aeabi.S.obj
                0x10003c20                __wrap___aeabi_lmul
 *fill*         0x10003c52        0x2 
 .text.__aeabi_float_init
                0x10003c54       0xfc CMakeFiles/picoMIDIborg.dir/home/pi/pico/pico-sdk/src/rp2_common/pico_float/float_init_rom.c.obj
                0x10003c54                __aeabi_float_init
 .text.float_table_shim_on_use_helper
                0x10003d50       0x34 CMakeFiles/picoMIDIborg.dir/home/pi/pico/pico-sdk/src/rp2_common/pico_float/float_v1_rom_shim.S.obj
                0x10003d50                float_table_shim_on_use_helper
 .text          0x10003d84       0x10 CMakeFiles/picoMIDIborg.dir/home/pi/pico/pico-sdk/src/rp2_common/pico_mem_ops/mem_ops_aeabi.S.obj
                0x10003d84                __aeabi_mem_init
 .text.memset   0x10003d94        0xc CMakeFiles/picoMIDIborg.dir/home/pi/pico/pico-sdk/src/rp2_common/pico_mem_ops/mem_ops_aeabi.S.obj
                0x10003d94                __wrap_memset
 .text.memcpy   0x10003da0        0xc CMakeFiles/picoMIDIborg.dir/home/pi/pico/pico-sdk/src/rp2_common/pico_mem_ops/mem_ops_aeabi.S.obj
                0x10003da0                __wrap___aeabi_memcpy
                0x10003da0                __wrap_memcpy
 .text.stdio_out_chars_no_crlf
                0x10003dac        0xe CMakeFiles/picoMIDIborg.dir/home/pi/pico/pico-sdk/src/rp2_common/pico_stdio/stdio.c.obj
 *fill*         0x10003dba        0x2 
 .text.stdio_out_chars_crlf
                0x10003dbc       0x80 CMakeFiles/picoMIDIborg.dir/home/pi/pico/pico-sdk/src/rp2_common/pico_stdio/stdio.c.obj
 .text.stdio_stack_buffer_flush
                0x10003e3c       0x44 CMakeFiles/picoMIDIborg.dir/home/pi/pico/pico-sdk/src/rp2_common/pico_stdio/stdio.c.obj
 .text.stdio_buffered_printer
                0x10003e80       0x20 CMakeFiles/picoMIDIborg.dir/home/pi/pico/pico-sdk/src/rp2_common/pico_stdio/stdio.c.obj
 .text.stdout_serialize_begin
                0x10003ea0       0x30 CMakeFiles/picoMIDIborg.dir/home/pi/pico/pico-sdk/src/rp2_common/pico_stdio/stdio.c.obj
                0x10003ea0                stdout_serialize_begin
 .text.stdout_serialize_end
                0x10003ed0       0x10 CMakeFiles/picoMIDIborg.dir/home/pi/pico/pico-sdk/src/rp2_common/pico_stdio/stdio.c.obj
                0x10003ed0                stdout_serialize_end
 .text.stdio_put_string
                0x10003ee0       0x94 CMakeFiles/picoMIDIborg.dir/home/pi/pico/pico-sdk/src/rp2_common/pico_stdio/stdio.c.obj
 .text.stdio_flush
                0x10003f74       0x20 CMakeFiles/picoMIDIborg.dir/home/pi/pico/pico-sdk/src/rp2_common/pico_stdio/stdio.c.obj
                0x10003f74                stdio_flush
 .text.__wrap_puts
                0x10003f94       0x1e CMakeFiles/picoMIDIborg.dir/home/pi/pico/pico-sdk/src/rp2_common/pico_stdio/stdio.c.obj
                0x10003f94                __wrap_puts
 *fill*         0x10003fb2        0x2 
 .text.__wrap_vprintf
                0x10003fb4       0x44 CMakeFiles/picoMIDIborg.dir/home/pi/pico/pico-sdk/src/rp2_common/pico_stdio/stdio.c.obj
                0x10003fb4                __wrap_vprintf
 .text.__wrap_printf
                0x10003ff8       0x18 CMakeFiles/picoMIDIborg.dir/home/pi/pico/pico-sdk/src/rp2_common/pico_stdio/stdio.c.obj
                0x10003ff8                __wrap_printf
 .text          0x10004010       0x68 /usr/lib/gcc/arm-none-eabi/8.3.1/../../../arm-none-eabi/lib/thumb/v6-m/nofp/libg.a(lib_a-strlen-stub.o)
                0x10004010                strlen
 *(.fini)
 .fini          0x10004078        0x4 /usr/lib/gcc/arm-none-eabi/8.3.1/thumb/v6-m/nofp/crti.o
                0x10004078                _fini
 *fill*         0x1000407c        0x4 
 .fini.__stub   0x10004080       0x50 linker stubs
 *crtbegin.o(.ctors)
 *crtbegin?.o(.ctors)
 *(EXCLUDE_FILE(*crtend.o *crtend?.o) .ctors)
 *(SORT_BY_NAME(.ctors.*))
 *(.ctors)
 *crtbegin.o(.dtors)
 *crtbegin?.o(.dtors)
 *(EXCLUDE_FILE(*crtend.o *crtend?.o) .dtors)
 *(SORT_BY_NAME(.dtors.*))
 *(.dtors)
 *(.eh_frame*)
 .eh_frame      0x100040d0        0x0 /usr/lib/gcc/arm-none-eabi/8.3.1/thumb/v6-m/nofp/crtbegin.o
                0x100040d0                . = ALIGN (0x4)

.glue_7         0x100040d0        0x0
 .glue_7        0x100040d0        0x0 linker stubs

.glue_7t        0x100040d0        0x0
 .glue_7t       0x100040d0        0x0 linker stubs

.vfp11_veneer   0x100040d0        0x0
 .vfp11_veneer  0x100040d0        0x0 linker stubs

.v4_bx          0x100040d0        0x0
 .v4_bx         0x100040d0        0x0 linker stubs

.iplt           0x100040d0        0x0
 .iplt          0x100040d0        0x0 /usr/lib/gcc/arm-none-eabi/8.3.1/thumb/v6-m/nofp/crtbegin.o

.rodata         0x100040d0      0xdd0
 *(EXCLUDE_FILE(*libm.a: *libc.a:*lib_a-mem*.o *libgcc.a:) .rodata*)
 .rodata.__func__.5751
                0x100040d0       0x15 CMakeFiles/picoMIDIborg.dir/home/pi/pico/pico-sdk/src/common/pico_time/time.c.obj
 *fill*         0x100040e5        0x3 
 .rodata.__func__.6057
                0x100040e8        0xc CMakeFiles/picoMIDIborg.dir/home/pi/pico/pico-sdk/src/common/pico_time/time.c.obj
 .rodata.__func__.6064
                0x100040f4       0x12 CMakeFiles/picoMIDIborg.dir/home/pi/pico/pico-sdk/src/common/pico_time/time.c.obj
 *fill*         0x10004106        0x2 
 .rodata.__func__.6080
                0x10004108        0xf CMakeFiles/picoMIDIborg.dir/home/pi/pico/pico-sdk/src/common/pico_time/time.c.obj
 *fill*         0x10004117        0x1 
 .rodata.__func__.6102
                0x10004118        0xd CMakeFiles/picoMIDIborg.dir/home/pi/pico/pico-sdk/src/common/pico_time/time.c.obj
 *fill*         0x10004125        0x3 
 .rodata.__func__.6326
                0x10004128        0xa CMakeFiles/picoMIDIborg.dir/home/pi/pico/pico-sdk/src/common/pico_time/time.c.obj
 *fill*         0x10004132        0x2 
 .rodata.__func__.6331
                0x10004134       0x12 CMakeFiles/picoMIDIborg.dir/home/pi/pico/pico-sdk/src/common/pico_time/time.c.obj
 *fill*         0x10004146        0x2 
 .rodata.__func__.6346
                0x10004148       0x17 CMakeFiles/picoMIDIborg.dir/home/pi/pico/pico-sdk/src/common/pico_time/time.c.obj
 *fill*         0x1000415f        0x1 
 .rodata.__func__.6357
                0x10004160       0x15 CMakeFiles/picoMIDIborg.dir/home/pi/pico/pico-sdk/src/common/pico_time/time.c.obj
 *fill*         0x10004175        0x3 
 .rodata.__func__.6374
                0x10004178       0x1a CMakeFiles/picoMIDIborg.dir/home/pi/pico/pico-sdk/src/common/pico_time/time.c.obj
 *fill*         0x10004192        0x2 
 .rodata.add_alarm_under_lock.str1.4
                0x10004194       0x28 CMakeFiles/picoMIDIborg.dir/home/pi/pico/pico-sdk/src/common/pico_time/time.c.obj
                                 0x2b (size before relaxing)
 .rodata.alarm_pool_alarm_callback.str1.4
                0x100041bc       0xe2 CMakeFiles/picoMIDIborg.dir/home/pi/pico/pico-sdk/src/common/pico_time/time.c.obj
 *fill*         0x1000429e        0x2 
 .rodata.alarm_pool_dump_key.str1.4
                0x100042a0       0x33 CMakeFiles/picoMIDIborg.dir/home/pi/pico/pico-sdk/src/common/pico_time/time.c.obj
 *fill*         0x100042d3        0x1 
 .rodata.alarm_pool_get_default.str1.4
                0x100042d4       0x21 CMakeFiles/picoMIDIborg.dir/home/pi/pico/pico-sdk/src/common/pico_time/time.c.obj
 *fill*         0x100042f5        0x3 
 .rodata.ph_add_child_node.str1.4
                0x100042f8       0x92 CMakeFiles/picoMIDIborg.dir/home/pi/pico/pico-sdk/src/common/pico_time/time.c.obj
 *fill*         0x1000438a        0x2 
 .rodata.repeating_timer_callback.str1.4
                0x1000438c       0x47 CMakeFiles/picoMIDIborg.dir/home/pi/pico/pico-sdk/src/common/pico_time/time.c.obj
 *fill*         0x100043d3        0x1 
 .rodata.sleep_until.str1.4
                0x100043d4       0x4d CMakeFiles/picoMIDIborg.dir/home/pi/pico/pico-sdk/src/common/pico_time/time.c.obj
 *fill*         0x10004421        0x3 
 .rodata.__func__.4609
                0x10004424       0x1a CMakeFiles/picoMIDIborg.dir/home/pi/pico/pico-sdk/src/rp2_common/hardware_timer/timer.c.obj
 *fill*         0x1000443e        0x2 
 .rodata.hardware_alarm_claim.str1.4
                0x10004440       0x22 CMakeFiles/picoMIDIborg.dir/home/pi/pico/pico-sdk/src/rp2_common/hardware_timer/timer.c.obj
 *fill*         0x10004462        0x2 
 .rodata.hardware_alarm_set_target.str1.4
                0x10004464       0x61 CMakeFiles/picoMIDIborg.dir/home/pi/pico/pico-sdk/src/rp2_common/hardware_timer/timer.c.obj
 *fill*         0x100044c5        0x3 
 .rodata.__func__.4750
                0x100044c8        0xb CMakeFiles/picoMIDIborg.dir/home/pi/pico/pico-sdk/src/common/pico_sync/mutex.c.obj
 *fill*         0x100044d3        0x1 
 .rodata.str1.4
                0x100044d4       0x85 CMakeFiles/picoMIDIborg.dir/home/pi/pico/pico-sdk/src/common/pico_sync/mutex.c.obj
                                 0xe5 (size before relaxing)
 *fill*         0x10004559        0x3 
 .rodata.__func__.5758
                0x1000455c        0xc CMakeFiles/picoMIDIborg.dir/home/pi/pico/pico-sdk/src/common/pico_util/pheap.c.obj
 .rodata.__func__.5765
                0x10004568       0x12 CMakeFiles/picoMIDIborg.dir/home/pi/pico/pico-sdk/src/common/pico_util/pheap.c.obj
 *fill*         0x1000457a        0x2 
 .rodata.__func__.5851
                0x1000457c       0x13 CMakeFiles/picoMIDIborg.dir/home/pi/pico/pico-sdk/src/common/pico_util/pheap.c.obj
 *fill*         0x1000458f        0x1 
 .rodata.__func__.5869
                0x10004590       0x18 CMakeFiles/picoMIDIborg.dir/home/pi/pico/pico-sdk/src/common/pico_util/pheap.c.obj
 .rodata.ph_add_child_node.str1.4
                0x100045a8       0x92 CMakeFiles/picoMIDIborg.dir/home/pi/pico/pico-sdk/src/common/pico_util/pheap.c.obj
 .rodata.ph_remove_and_free_node.str1.4
                0x100045a8       0x26 CMakeFiles/picoMIDIborg.dir/home/pi/pico/pico-sdk/src/common/pico_util/pheap.c.obj
 *fill*         0x100045ce        0x2 
 .rodata.ph_remove_any_head.str1.4
                0x100045d0       0x88 CMakeFiles/picoMIDIborg.dir/home/pi/pico/pico-sdk/src/common/pico_util/pheap.c.obj
 .rodata.__assert_func.str1.4
                0x10004658       0x3f CMakeFiles/picoMIDIborg.dir/home/pi/pico/pico-sdk/src/rp2_common/pico_runtime/runtime.c.obj
                                 0x43 (size before relaxing)
 *fill*         0x10004697        0x1 
 .rodata.__func__.5866
                0x10004698        0xd CMakeFiles/picoMIDIborg.dir/home/pi/pico/pico-sdk/src/rp2_common/pico_runtime/runtime.c.obj
 *fill*         0x100046a5        0x3 
 .rodata.panic.str1.4
                0x100046a8       0x12 CMakeFiles/picoMIDIborg.dir/home/pi/pico/pico-sdk/src/rp2_common/pico_runtime/runtime.c.obj
 *fill*         0x100046ba        0x2 
 .rodata.runtime_init.str1.4
                0x100046bc       0x5d CMakeFiles/picoMIDIborg.dir/home/pi/pico/pico-sdk/src/rp2_common/pico_runtime/runtime.c.obj
 *fill*         0x10004719        0x3 
 .rodata.__func__.4738
                0x1000471c       0x10 CMakeFiles/picoMIDIborg.dir/home/pi/pico/pico-sdk/src/rp2_common/hardware_clocks/clocks.c.obj
 .rodata.clock_configure.str1.4
                0x1000472c       0x53 CMakeFiles/picoMIDIborg.dir/home/pi/pico/pico-sdk/src/rp2_common/hardware_clocks/clocks.c.obj
 *fill*         0x1000477f        0x1 
 .rodata.__func__.4783
                0x10004780       0x1a CMakeFiles/picoMIDIborg.dir/home/pi/pico/pico-sdk/src/rp2_common/hardware_irq/irq.c.obj
 *fill*         0x1000479a        0x2 
 .rodata.__func__.4797
                0x1000479c        0xc CMakeFiles/picoMIDIborg.dir/home/pi/pico/pico-sdk/src/rp2_common/hardware_irq/irq.c.obj
 .rodata.__func__.4805
                0x100047a8       0x17 CMakeFiles/picoMIDIborg.dir/home/pi/pico/pico-sdk/src/rp2_common/hardware_irq/irq.c.obj
 *fill*         0x100047bf        0x1 
 .rodata.__func__.4809
                0x100047c0        0xf CMakeFiles/picoMIDIborg.dir/home/pi/pico/pico-sdk/src/rp2_common/hardware_irq/irq.c.obj
 *fill*         0x100047cf        0x1 
 .rodata.__func__.4848
                0x100047d0       0x13 CMakeFiles/picoMIDIborg.dir/home/pi/pico/pico-sdk/src/rp2_common/hardware_irq/irq.c.obj
 *fill*         0x100047e3        0x1 
 .rodata.__func__.4871
                0x100047e4       0x1a CMakeFiles/picoMIDIborg.dir/home/pi/pico/pico-sdk/src/rp2_common/hardware_irq/irq.c.obj
 *fill*         0x100047fe        0x2 
 .rodata.irq_add_shared_handler.str1.4
                0x10004800       0xd9 CMakeFiles/picoMIDIborg.dir/home/pi/pico/pico-sdk/src/rp2_common/hardware_irq/irq.c.obj
 *fill*         0x100048d9        0x3 
 .rodata.irq_add_tail_to_free_list.str1.4
                0x100048dc       0x32 CMakeFiles/picoMIDIborg.dir/home/pi/pico/pico-sdk/src/rp2_common/hardware_irq/irq.c.obj
                                 0x3a (size before relaxing)
 *fill*         0x1000490e        0x2 
 .rodata.irq_remove_handler.str1.4
                0x10004910       0x2a CMakeFiles/picoMIDIborg.dir/home/pi/pico/pico-sdk/src/rp2_common/hardware_irq/irq.c.obj
 *fill*         0x1000493a        0x2 
 .rodata.irq_set_exclusive_handler.str1.4
                0x1000493c       0x36 CMakeFiles/picoMIDIborg.dir/home/pi/pico/pico-sdk/src/rp2_common/hardware_irq/irq.c.obj
 *fill*         0x10004972        0x2 
 .rodata.make_branch.str1.4
                0x10004974       0x49 CMakeFiles/picoMIDIborg.dir/home/pi/pico/pico-sdk/src/rp2_common/hardware_irq/irq.c.obj
 *fill*         0x100049bd        0x3 
 .rodata.__func__.4458
                0x100049c0        0x9 CMakeFiles/picoMIDIborg.dir/home/pi/pico/pico-sdk/src/rp2_common/hardware_pll/pll.c.obj
 *fill*         0x100049c9        0x3 
 .rodata.pll_init.str1.4
                0x100049cc       0xd7 CMakeFiles/picoMIDIborg.dir/home/pi/pico/pico-sdk/src/rp2_common/hardware_pll/pll.c.obj
 *fill*         0x10004aa3        0x1 
 .rodata._vsnprintf
                0x10004aa4      0x1e0 CMakeFiles/picoMIDIborg.dir/home/pi/pico/pico-sdk/src/rp2_common/pico_printf/printf.c.obj
 .rodata._ftoa.str1.4
                0x10004c84       0x15 CMakeFiles/picoMIDIborg.dir/home/pi/pico/pico-sdk/src/rp2_common/pico_printf/printf.c.obj
 *fill*         0x10004c99        0x7 
 .rodata.pow10.5472
                0x10004ca0       0x50 CMakeFiles/picoMIDIborg.dir/home/pi/pico/pico-sdk/src/rp2_common/pico_printf/printf.c.obj
 .rodata.__aeabi_double_init.str1.4
                0x10004cf0       0xa4 CMakeFiles/picoMIDIborg.dir/home/pi/pico/pico-sdk/src/rp2_common/pico_double/double_init_rom.c.obj
 .rodata.__func__.4769
                0x10004d94       0x14 CMakeFiles/picoMIDIborg.dir/home/pi/pico/pico-sdk/src/rp2_common/pico_double/double_init_rom.c.obj
 .rodata.__aeabi_float_init.str1.4
                0x10004da8       0x76 CMakeFiles/picoMIDIborg.dir/home/pi/pico/pico-sdk/src/rp2_common/pico_float/float_init_rom.c.obj
                                 0x7a (size before relaxing)
 *fill*         0x10004e1e        0x2 
 .rodata.__func__.4770
                0x10004e20       0x13 CMakeFiles/picoMIDIborg.dir/home/pi/pico/pico-sdk/src/rp2_common/pico_float/float_init_rom.c.obj
 *fill*         0x10004e33        0x1 
 .rodata.__bi_44
                0x10004e34        0xc CMakeFiles/picoMIDIborg.dir/home/pi/pico/pico-sdk/src/rp2_common/pico_standard_link/binary_info.c.obj
 .rodata.__bi_75
                0x10004e40        0xc CMakeFiles/picoMIDIborg.dir/home/pi/pico/pico-sdk/src/rp2_common/pico_standard_link/binary_info.c.obj
 .rodata.__bi_81
                0x10004e4c        0xc CMakeFiles/picoMIDIborg.dir/home/pi/pico/pico-sdk/src/rp2_common/pico_standard_link/binary_info.c.obj
 .rodata.str1.4
                0x10004e58       0x44 CMakeFiles/picoMIDIborg.dir/home/pi/pico/pico-sdk/src/rp2_common/pico_standard_link/binary_info.c.obj
 .rodata.crlf_str.6101
                0x10004e9c        0x2 CMakeFiles/picoMIDIborg.dir/home/pi/pico/pico-sdk/src/rp2_common/pico_stdio/stdio.c.obj
                0x10004ea0                . = ALIGN (0x4)
 *fill*         0x10004e9e        0x2 
 *(SORT_BY_ALIGNMENT(SORT_BY_NAME(.flashdata*)))
                0x10004ea0                . = ALIGN (0x4)

.rel.dyn        0x10004ea0        0x0
 .rel.iplt      0x10004ea0        0x0 /usr/lib/gcc/arm-none-eabi/8.3.1/thumb/v6-m/nofp/crtbegin.o

.ARM.extab
 *(.ARM.extab* .gnu.linkonce.armextab.*)
                0x10004ea0                __exidx_start = .

.ARM.exidx
 *(.ARM.exidx* .gnu.linkonce.armexidx.*)
                0x10004ea0                __exidx_end = .
                0x10004ea0                . = ALIGN (0x4)
                0x10004ea0                __binary_info_start = .

.binary_info    0x10004ea0       0x1c
 *(.binary_info.keep.*)
 .binary_info.keep.__bi_ptr22
                0x10004ea0        0x4 CMakeFiles/picoMIDIborg.dir/home/pi/pico/pico-sdk/src/rp2_common/pico_standard_link/binary_info.c.obj
 .binary_info.keep.__bi_ptr30
                0x10004ea4        0x4 CMakeFiles/picoMIDIborg.dir/home/pi/pico/pico-sdk/src/rp2_common/pico_standard_link/binary_info.c.obj
 .binary_info.keep.__bi_ptr38
                0x10004ea8        0x4 CMakeFiles/picoMIDIborg.dir/home/pi/pico/pico-sdk/src/rp2_common/pico_standard_link/binary_info.c.obj
 .binary_info.keep.__bi_ptr44
                0x10004eac        0x4 CMakeFiles/picoMIDIborg.dir/home/pi/pico/pico-sdk/src/rp2_common/pico_standard_link/binary_info.c.obj
 .binary_info.keep.__bi_ptr50
                0x10004eb0        0x4 CMakeFiles/picoMIDIborg.dir/home/pi/pico/pico-sdk/src/rp2_common/pico_standard_link/binary_info.c.obj
 .binary_info.keep.__bi_ptr75
                0x10004eb4        0x4 CMakeFiles/picoMIDIborg.dir/home/pi/pico/pico-sdk/src/rp2_common/pico_standard_link/binary_info.c.obj
 .binary_info.keep.__bi_ptr81
                0x10004eb8        0x4 CMakeFiles/picoMIDIborg.dir/home/pi/pico/pico-sdk/src/rp2_common/pico_standard_link/binary_info.c.obj
 *(.binary_info.*)
                0x10004ebc                __binary_info_end = .
                0x10004ebc                . = ALIGN (0x4)
                0x10004ebc                __etext = .

.ram_vector_table
                0x20000000       0xc0
 *(.ram_vector_table)
 .ram_vector_table
                0x20000000       0xc0 CMakeFiles/picoMIDIborg.dir/home/pi/pico/pico-sdk/src/rp2_common/pico_runtime/runtime.c.obj
                0x20000000                ram_vector_table

.data           0x200000c0      0x1ac load address 0x10004ebc
                0x200000c0                __data_start__ = .
 *(vtable)
 *(.time_critical*)
 .time_critical.mutex_enter_blocking
                0x200000c0       0x48 CMakeFiles/picoMIDIborg.dir/home/pi/pico/pico-sdk/src/common/pico_sync/mutex.c.obj
                0x200000c0                mutex_enter_blocking
 .time_critical.mutex_try_enter
                0x20000108       0x48 CMakeFiles/picoMIDIborg.dir/home/pi/pico/pico-sdk/src/common/pico_sync/mutex.c.obj
                0x20000108                mutex_try_enter
 .time_critical.mutex_exit
                0x20000150       0x4c CMakeFiles/picoMIDIborg.dir/home/pi/pico/pico-sdk/src/common/pico_sync/mutex.c.obj
                0x20000150                mutex_exit
 *(.text*)
 .text          0x2000019c        0x4 /usr/lib/gcc/arm-none-eabi/8.3.1/thumb/v6-m/nofp/libgcc.a(_dvmd_tls.o)
                0x2000019c                __aeabi_ldiv0
                0x2000019c                __aeabi_idiv0
 .text.__stub   0x200001a0       0x10 linker stubs
                0x200001b0                . = ALIGN (0x4)
 *(.rodata*)
                0x200001b0                . = ALIGN (0x4)
 *(.data*)
 .data.striped_spin_lock_num
                0x200001b0        0x1 CMakeFiles/picoMIDIborg.dir/home/pi/pico/pico-sdk/src/rp2_common/hardware_sync/sync.c.obj
 *fill*         0x200001b1        0x3 
 .data.default_alarm_pool
                0x200001b4       0x18 CMakeFiles/picoMIDIborg.dir/home/pi/pico/pico-sdk/src/common/pico_time/time.c.obj
 .data.default_alarm_pool_heap
                0x200001cc       0x10 CMakeFiles/picoMIDIborg.dir/home/pi/pico/pico-sdk/src/common/pico_time/time.c.obj
 .data          0x200001dc       0x48 CMakeFiles/picoMIDIborg.dir/home/pi/pico/pico-sdk/src/rp2_common/hardware_irq/irq_handler_chain.S.obj
                0x200001dc                irq_handler_chain_slots
                0x2000020c                irq_handler_chain_first_slot
                0x20000216                irq_handler_chain_remove_tail
 *fill*         0x20000224        0xc 
 .data.aeabi_bits_funcs
                0x20000230       0x10 CMakeFiles/picoMIDIborg.dir/home/pi/pico/pico-sdk/src/rp2_common/pico_bit_ops/bit_ops_aeabi.S.obj
                0x20000230                aeabi_bits_funcs
                0x20000240                aeabi_bits_funcs_end
 .data.aeabi_mem_funcs
                0x20000240       0x10 CMakeFiles/picoMIDIborg.dir/home/pi/pico/pico-sdk/src/rp2_common/pico_mem_ops/mem_ops_aeabi.S.obj
                0x20000240                aeabi_mem_funcs
                0x20000250                aeabi_mem_funcs_end
                0x20000250                . = ALIGN (0x4)
 *(.after_data.*)
                0x20000250                . = ALIGN (0x4)
                0x20000250                PROVIDE (__mutex_array_start = .)
 *(SORT_BY_NAME(.mutex_array.*))
 *(.mutex_array)
 .mutex_array   0x20000250        0x8 CMakeFiles/picoMIDIborg.dir/home/pi/pico/pico-sdk/src/rp2_common/pico_stdio/stdio.c.obj
                0x20000258                PROVIDE (__mutex_array_end = .)
                0x20000258                . = ALIGN (0x4)
                0x20000258                PROVIDE (__preinit_array_start = .)
 *(SORT_BY_NAME(.preinit_array.*))
 .preinit_array.00001
                0x20000258        0x4 CMakeFiles/picoMIDIborg.dir/home/pi/pico/pico-sdk/src/rp2_common/pico_mem_ops/mem_ops_aeabi.S.obj
 .preinit_array.00010
                0x2000025c        0x4 CMakeFiles/picoMIDIborg.dir/home/pi/pico/pico-sdk/src/rp2_common/pico_bit_ops/bit_ops_aeabi.S.obj
 .preinit_array.00020
                0x20000260        0x4 CMakeFiles/picoMIDIborg.dir/home/pi/pico/pico-sdk/src/rp2_common/pico_double/double_aeabi.S.obj
 .preinit_array.00020
                0x20000264        0x4 CMakeFiles/picoMIDIborg.dir/home/pi/pico/pico-sdk/src/rp2_common/pico_float/float_aeabi.S.obj
 *(.preinit_array)
                0x20000268                PROVIDE (__preinit_array_end = .)
                0x20000268                . = ALIGN (0x4)
                0x20000268                PROVIDE (__init_array_start = .)
 *(SORT_BY_NAME(.init_array.*))
 *(.init_array)
 .init_array    0x20000268        0x4 /usr/lib/gcc/arm-none-eabi/8.3.1/thumb/v6-m/nofp/crtbegin.o
                0x2000026c                PROVIDE (__init_array_end = .)
                0x2000026c                . = ALIGN (0x4)
                0x2000026c                PROVIDE (__fini_array_start = .)
 *(SORT_BY_NAME(.fini_array.*))
 *(.fini_array)
                0x2000026c                PROVIDE (__fini_array_end = .)
 *(.jcr)
                0x2000026c                . = ALIGN (0x4)
                0x2000026c                __data_end__ = .

.tm_clone_table
                0x2000026c        0x0 load address 0x10005068
 .tm_clone_table
                0x2000026c        0x0 /usr/lib/gcc/arm-none-eabi/8.3.1/thumb/v6-m/nofp/crtbegin.o
 .tm_clone_table
                0x2000026c        0x0 /usr/lib/gcc/arm-none-eabi/8.3.1/thumb/v6-m/nofp/crtend.o

.igot.plt       0x2000026c        0x0 load address 0x10005068
 .igot.plt      0x2000026c        0x0 /usr/lib/gcc/arm-none-eabi/8.3.1/thumb/v6-m/nofp/crtbegin.o

.uninitialized_data
                0x2000026c        0x0 load address 0x10005068
                0x2000026c                . = ALIGN (0x4)
 *(.uninitialized_data*)

.scratch_x      0x20040000        0x0 load address 0x10005068
                0x20040000                __scratch_x_start__ = .
 *(.scratch_x.*)
                0x20040000                . = ALIGN (0x4)
                0x20040000                __scratch_x_end__ = .
                0x10005068                __scratch_x_source__ = LOADADDR (.scratch_x)

.scratch_y      0x20041000        0x0 load address 0x10005068
                0x20041000                __scratch_y_start__ = .
 *(.scratch_y.*)
                0x20041000                . = ALIGN (0x4)
                0x20041000                __scratch_y_end__ = .
                0x10005068                __scratch_y_source__ = LOADADDR (.scratch_y)

.bss            0x20000270      0x3c8
                0x20000270                . = ALIGN (0x4)
                0x20000270                __bss_start__ = .
 *(SORT_BY_ALIGNMENT(SORT_BY_NAME(.bss*)))
 .bss.default_alarm_pool_entries
                0x20000270      0x100 CMakeFiles/picoMIDIborg.dir/home/pi/pico/pico-sdk/src/common/pico_time/time.c.obj
 .bss           0x20000370       0x1c /usr/lib/gcc/arm-none-eabi/8.3.1/thumb/v6-m/nofp/crtbegin.o
 .bss.alarm_callbacks
                0x2000038c       0x10 CMakeFiles/picoMIDIborg.dir/home/pi/pico/pico-sdk/src/rp2_common/hardware_timer/timer.c.obj
 .bss.configured_freq
                0x2000039c       0x28 CMakeFiles/picoMIDIborg.dir/home/pi/pico/pico-sdk/src/rp2_common/hardware_clocks/clocks.c.obj
 .bss.default_alarm_pool_entry_ids_high
                0x200003c4       0x10 CMakeFiles/picoMIDIborg.dir/home/pi/pico/pico-sdk/src/common/pico_time/time.c.obj
 .bss.default_alarm_pool_heap_nodes
                0x200003d4       0x30 CMakeFiles/picoMIDIborg.dir/home/pi/pico/pico-sdk/src/common/pico_time/time.c.obj
 .bss.drivers   0x20000404        0x4 CMakeFiles/picoMIDIborg.dir/home/pi/pico/pico-sdk/src/rp2_common/pico_stdio/stdio.c.obj
 .bss.filter    0x20000408        0x4 CMakeFiles/picoMIDIborg.dir/home/pi/pico/pico-sdk/src/rp2_common/pico_stdio/stdio.c.obj
 .bss.pools     0x2000040c       0x10 CMakeFiles/picoMIDIborg.dir/home/pi/pico/pico-sdk/src/common/pico_time/time.c.obj
 .bss.sf_clz_func
                0x2000041c        0x4 CMakeFiles/picoMIDIborg.dir/home/pi/pico/pico-sdk/src/rp2_common/pico_double/double_init_rom.c.obj
                0x2000041c                sf_clz_func
 .bss.sleep_notifier
                0x20000420        0x4 CMakeFiles/picoMIDIborg.dir/home/pi/pico/pico-sdk/src/common/pico_time/time.c.obj
 .bss.target_hi
                0x20000424       0x10 CMakeFiles/picoMIDIborg.dir/home/pi/pico/pico-sdk/src/rp2_common/hardware_timer/timer.c.obj
 .bss.claimed   0x20000434        0x1 CMakeFiles/picoMIDIborg.dir/home/pi/pico/pico-sdk/src/rp2_common/hardware_timer/timer.c.obj
 .bss.irq_hander_chain_free_slot_head
                0x20000435        0x1 CMakeFiles/picoMIDIborg.dir/home/pi/pico/pico-sdk/src/rp2_common/hardware_irq/irq.c.obj
 .bss.timer_callbacks_pending
                0x20000436        0x1 CMakeFiles/picoMIDIborg.dir/home/pi/pico/pico-sdk/src/rp2_common/hardware_timer/timer.c.obj
 *(COMMON)
 *fill*         0x20000437        0x1 
 COMMON         0x20000438      0x100 CMakeFiles/picoMIDIborg.dir/home/pi/pico/pico-sdk/src/rp2_common/pico_double/double_init_rom.c.obj
                0x20000438                sd_table
 COMMON         0x20000538      0x100 CMakeFiles/picoMIDIborg.dir/home/pi/pico/pico-sdk/src/rp2_common/pico_float/float_init_rom.c.obj
                0x20000538                sf_table
                0x20000638                . = ALIGN (0x4)
                0x20000638                __bss_end__ = .

.heap           0x20000638      0x800
                0x20000638                __end__ = .
                0x20000638                end = __end__
 *(.heap*)
 .heap          0x20000638      0x800 CMakeFiles/picoMIDIborg.dir/home/pi/pico/pico-sdk/src/rp2_common/pico_standard_link/crt0.S.obj
                0x20000e38                __HeapLimit = .

.stack1_dummy   0x20040000        0x0
 *(.stack1*)

.stack_dummy    0x20041000      0x800
 *(.stack*)
 .stack         0x20041000      0x800 CMakeFiles/picoMIDIborg.dir/home/pi/pico/pico-sdk/src/rp2_common/pico_standard_link/crt0.S.obj

.flash_end      0x10005068        0x0
                0x10005068                __flash_binary_end = .
                0x20040000                __StackLimit = (ORIGIN (RAM) + LENGTH (RAM))
                0x20041000                __StackOneTop = (ORIGIN (SCRATCH_X) + LENGTH (SCRATCH_X))
                0x20042000                __StackTop = (ORIGIN (SCRATCH_Y) + LENGTH (SCRATCH_Y))
                0x20041000                __StackOneBottom = (__StackOneTop - SIZEOF (.stack1_dummy))
                0x20041800                __StackBottom = (__StackTop - SIZEOF (.stack_dummy))
                0x20042000                PROVIDE (__stack = __StackTop)
                0x00000001                ASSERT ((__StackLimit >= __HeapLimit), region RAM overflowed)
                0x00000001                ASSERT (((__binary_info_header_end - __logical_binary_start) <= 0x100), Binary info must be in first 256 bytes of the binary)
LOAD CMakeFiles/picoMIDIborg.dir/main.c.obj
LOAD CMakeFiles/picoMIDIborg.dir/extrafunc.c.obj
LOAD CMakeFiles/picoMIDIborg.dir/home/pi/pico/pico-sdk/src/rp2_common/pico_stdlib/stdlib.c.obj
LOAD CMakeFiles/picoMIDIborg.dir/home/pi/pico/pico-sdk/src/rp2_common/hardware_gpio/gpio.c.obj
LOAD CMakeFiles/picoMIDIborg.dir/home/pi/pico/pico-sdk/src/rp2_common/hardware_claim/claim.c.obj
LOAD CMakeFiles/picoMIDIborg.dir/home/pi/pico/pico-sdk/src/rp2_common/pico_platform/platform.c.obj
LOAD CMakeFiles/picoMIDIborg.dir/home/pi/pico/pico-sdk/src/rp2_common/hardware_sync/sync.c.obj
LOAD CMakeFiles/picoMIDIborg.dir/home/pi/pico/pico-sdk/src/rp2_common/hardware_uart/uart.c.obj
LOAD CMakeFiles/picoMIDIborg.dir/home/pi/pico/pico-sdk/src/rp2_common/hardware_divider/divider.S.obj
LOAD CMakeFiles/picoMIDIborg.dir/home/pi/pico/pico-sdk/src/common/pico_time/time.c.obj
LOAD CMakeFiles/picoMIDIborg.dir/home/pi/pico/pico-sdk/src/common/pico_time/timeout_helper.c.obj
LOAD CMakeFiles/picoMIDIborg.dir/home/pi/pico/pico-sdk/src/rp2_common/hardware_timer/timer.c.obj
LOAD CMakeFiles/picoMIDIborg.dir/home/pi/pico/pico-sdk/src/common/pico_sync/sem.c.obj
LOAD CMakeFiles/picoMIDIborg.dir/home/pi/pico/pico-sdk/src/common/pico_sync/lock_core.c.obj
LOAD CMakeFiles/picoMIDIborg.dir/home/pi/pico/pico-sdk/src/common/pico_sync/mutex.c.obj
LOAD CMakeFiles/picoMIDIborg.dir/home/pi/pico/pico-sdk/src/common/pico_sync/critical_section.c.obj
LOAD CMakeFiles/picoMIDIborg.dir/home/pi/pico/pico-sdk/src/common/pico_util/datetime.c.obj
LOAD CMakeFiles/picoMIDIborg.dir/home/pi/pico/pico-sdk/src/common/pico_util/pheap.c.obj
LOAD CMakeFiles/picoMIDIborg.dir/home/pi/pico/pico-sdk/src/common/pico_util/queue.c.obj
LOAD CMakeFiles/picoMIDIborg.dir/home/pi/pico/pico-sdk/src/rp2_common/pico_runtime/runtime.c.obj
LOAD CMakeFiles/picoMIDIborg.dir/home/pi/pico/pico-sdk/src/rp2_common/hardware_clocks/clocks.c.obj
LOAD CMakeFiles/picoMIDIborg.dir/home/pi/pico/pico-sdk/src/rp2_common/hardware_irq/irq.c.obj
LOAD CMakeFiles/picoMIDIborg.dir/home/pi/pico/pico-sdk/src/rp2_common/hardware_irq/irq_handler_chain.S.obj
LOAD CMakeFiles/picoMIDIborg.dir/home/pi/pico/pico-sdk/src/rp2_common/hardware_pll/pll.c.obj
LOAD CMakeFiles/picoMIDIborg.dir/home/pi/pico/pico-sdk/src/rp2_common/hardware_vreg/vreg.c.obj
LOAD CMakeFiles/picoMIDIborg.dir/home/pi/pico/pico-sdk/src/rp2_common/hardware_watchdog/watchdog.c.obj
LOAD CMakeFiles/picoMIDIborg.dir/home/pi/pico/pico-sdk/src/rp2_common/hardware_xosc/xosc.c.obj
LOAD CMakeFiles/picoMIDIborg.dir/home/pi/pico/pico-sdk/src/rp2_common/pico_printf/printf.c.obj
LOAD CMakeFiles/picoMIDIborg.dir/home/pi/pico/pico-sdk/src/rp2_common/pico_bit_ops/bit_ops_aeabi.S.obj
LOAD CMakeFiles/picoMIDIborg.dir/home/pi/pico/pico-sdk/src/rp2_common/pico_bootrom/bootrom.c.obj
LOAD CMakeFiles/picoMIDIborg.dir/home/pi/pico/pico-sdk/src/rp2_common/pico_divider/divider.S.obj
LOAD CMakeFiles/picoMIDIborg.dir/home/pi/pico/pico-sdk/src/rp2_common/pico_double/double_aeabi.S.obj
LOAD CMakeFiles/picoMIDIborg.dir/home/pi/pico/pico-sdk/src/rp2_common/pico_double/double_init_rom.c.obj
LOAD CMakeFiles/picoMIDIborg.dir/home/pi/pico/pico-sdk/src/rp2_common/pico_double/double_math.c.obj
LOAD CMakeFiles/picoMIDIborg.dir/home/pi/pico/pico-sdk/src/rp2_common/pico_double/double_v1_rom_shim.S.obj
LOAD CMakeFiles/picoMIDIborg.dir/home/pi/pico/pico-sdk/src/rp2_common/pico_int64_ops/pico_int64_ops_aeabi.S.obj
LOAD CMakeFiles/picoMIDIborg.dir/home/pi/pico/pico-sdk/src/rp2_common/pico_float/float_aeabi.S.obj
LOAD CMakeFiles/picoMIDIborg.dir/home/pi/pico/pico-sdk/src/rp2_common/pico_float/float_init_rom.c.obj
LOAD CMakeFiles/picoMIDIborg.dir/home/pi/pico/pico-sdk/src/rp2_common/pico_float/float_math.c.obj
LOAD CMakeFiles/picoMIDIborg.dir/home/pi/pico/pico-sdk/src/rp2_common/pico_float/float_v1_rom_shim.S.obj
LOAD CMakeFiles/picoMIDIborg.dir/home/pi/pico/pico-sdk/src/rp2_common/pico_malloc/pico_malloc.c.obj
LOAD CMakeFiles/picoMIDIborg.dir/home/pi/pico/pico-sdk/src/rp2_common/pico_mem_ops/mem_ops_aeabi.S.obj
LOAD CMakeFiles/picoMIDIborg.dir/home/pi/pico/pico-sdk/src/rp2_common/pico_standard_link/crt0.S.obj
LOAD CMakeFiles/picoMIDIborg.dir/home/pi/pico/pico-sdk/src/rp2_common/pico_standard_link/new_delete.cpp.obj
LOAD CMakeFiles/picoMIDIborg.dir/home/pi/pico/pico-sdk/src/rp2_common/pico_standard_link/binary_info.c.obj
LOAD CMakeFiles/picoMIDIborg.dir/home/pi/pico/pico-sdk/src/rp2_common/pico_stdio/stdio.c.obj
LOAD CMakeFiles/picoMIDIborg.dir/home/pi/pico/pico-sdk/src/rp2_common/pico_stdio_uart/stdio_uart.c.obj
LOAD /tmp/ccqvqR3n.o
LOAD /usr/lib/gcc/arm-none-eabi/8.3.1/../../../arm-none-eabi/lib/thumb/v6-m/nofp/libstdc++.a
LOAD /usr/lib/gcc/arm-none-eabi/8.3.1/../../../arm-none-eabi/lib/thumb/v6-m/nofp/libm.a
START GROUP
LOAD /usr/lib/gcc/arm-none-eabi/8.3.1/thumb/v6-m/nofp/libgcc.a
LOAD /usr/lib/gcc/arm-none-eabi/8.3.1/../../../arm-none-eabi/lib/thumb/v6-m/nofp/libg.a
LOAD /usr/lib/gcc/arm-none-eabi/8.3.1/../../../arm-none-eabi/lib/thumb/v6-m/nofp/libc.a
END GROUP
START GROUP
LOAD /usr/lib/gcc/arm-none-eabi/8.3.1/thumb/v6-m/nofp/libgcc.a
LOAD /usr/lib/gcc/arm-none-eabi/8.3.1/../../../arm-none-eabi/lib/thumb/v6-m/nofp/libc.a
LOAD /usr/lib/gcc/arm-none-eabi/8.3.1/../../../arm-none-eabi/lib/thumb/v6-m/nofp/libnosys.a
END GROUP
LOAD /usr/lib/gcc/arm-none-eabi/8.3.1/thumb/v6-m/nofp/crtend.o
LOAD /usr/lib/gcc/arm-none-eabi/8.3.1/thumb/v6-m/nofp/crtn.o
OUTPUT(picoMIDIborg.elf elf32-littlearm)
LOAD linker stubs

.ARM.attributes
                0x00000000       0x28
 .ARM.attributes
                0x00000000       0x1e /usr/lib/gcc/arm-none-eabi/8.3.1/thumb/v6-m/nofp/crti.o
 .ARM.attributes
                0x0000001e       0x2c /usr/lib/gcc/arm-none-eabi/8.3.1/thumb/v6-m/nofp/crtbegin.o
 .ARM.attributes
                0x0000004a       0x2c CMakeFiles/picoMIDIborg.dir/main.c.obj
 .ARM.attributes
                0x00000076       0x2c CMakeFiles/picoMIDIborg.dir/extrafunc.c.obj
 .ARM.attributes
                0x000000a2       0x2c CMakeFiles/picoMIDIborg.dir/home/pi/pico/pico-sdk/src/rp2_common/hardware_gpio/gpio.c.obj
 .ARM.attributes
                0x000000ce       0x2c CMakeFiles/picoMIDIborg.dir/home/pi/pico/pico-sdk/src/rp2_common/hardware_claim/claim.c.obj
 .ARM.attributes
                0x000000fa       0x2c CMakeFiles/picoMIDIborg.dir/home/pi/pico/pico-sdk/src/rp2_common/pico_platform/platform.c.obj
 .ARM.attributes
                0x00000126       0x2c CMakeFiles/picoMIDIborg.dir/home/pi/pico/pico-sdk/src/rp2_common/hardware_sync/sync.c.obj
 .ARM.attributes
                0x00000152       0x2c CMakeFiles/picoMIDIborg.dir/home/pi/pico/pico-sdk/src/common/pico_time/time.c.obj
 .ARM.attributes
                0x0000017e       0x2c CMakeFiles/picoMIDIborg.dir/home/pi/pico/pico-sdk/src/rp2_common/hardware_timer/timer.c.obj
 .ARM.attributes
                0x000001aa       0x2c CMakeFiles/picoMIDIborg.dir/home/pi/pico/pico-sdk/src/common/pico_sync/lock_core.c.obj
 .ARM.attributes
                0x000001d6       0x2c CMakeFiles/picoMIDIborg.dir/home/pi/pico/pico-sdk/src/common/pico_sync/mutex.c.obj
 .ARM.attributes
                0x00000202       0x2c CMakeFiles/picoMIDIborg.dir/home/pi/pico/pico-sdk/src/common/pico_util/pheap.c.obj
 .ARM.attributes
                0x0000022e       0x2c CMakeFiles/picoMIDIborg.dir/home/pi/pico/pico-sdk/src/rp2_common/pico_runtime/runtime.c.obj
 .ARM.attributes
                0x0000025a       0x2c CMakeFiles/picoMIDIborg.dir/home/pi/pico/pico-sdk/src/rp2_common/hardware_clocks/clocks.c.obj
 .ARM.attributes
                0x00000286       0x2c CMakeFiles/picoMIDIborg.dir/home/pi/pico/pico-sdk/src/rp2_common/hardware_irq/irq.c.obj
 .ARM.attributes
                0x000002b2       0x22 CMakeFiles/picoMIDIborg.dir/home/pi/pico/pico-sdk/src/rp2_common/hardware_irq/irq_handler_chain.S.obj
 .ARM.attributes
                0x000002d4       0x2c CMakeFiles/picoMIDIborg.dir/home/pi/pico/pico-sdk/src/rp2_common/hardware_pll/pll.c.obj
 .ARM.attributes
                0x00000300       0x2c CMakeFiles/picoMIDIborg.dir/home/pi/pico/pico-sdk/src/rp2_common/hardware_watchdog/watchdog.c.obj
 .ARM.attributes
                0x0000032c       0x2c CMakeFiles/picoMIDIborg.dir/home/pi/pico/pico-sdk/src/rp2_common/hardware_xosc/xosc.c.obj
 .ARM.attributes
                0x00000358       0x2c CMakeFiles/picoMIDIborg.dir/home/pi/pico/pico-sdk/src/rp2_common/pico_printf/printf.c.obj
 .ARM.attributes
                0x00000384       0x22 CMakeFiles/picoMIDIborg.dir/home/pi/pico/pico-sdk/src/rp2_common/pico_bit_ops/bit_ops_aeabi.S.obj
 .ARM.attributes
                0x000003a6       0x2c CMakeFiles/picoMIDIborg.dir/home/pi/pico/pico-sdk/src/rp2_common/pico_bootrom/bootrom.c.obj
 .ARM.attributes
                0x000003d2       0x22 CMakeFiles/picoMIDIborg.dir/home/pi/pico/pico-sdk/src/rp2_common/pico_divider/divider.S.obj
 .ARM.attributes
                0x000003f4       0x22 CMakeFiles/picoMIDIborg.dir/home/pi/pico/pico-sdk/src/rp2_common/pico_double/double_aeabi.S.obj
 .ARM.attributes
                0x00000416       0x2c CMakeFiles/picoMIDIborg.dir/home/pi/pico/pico-sdk/src/rp2_common/pico_double/double_init_rom.c.obj
 .ARM.attributes
                0x00000442       0x22 CMakeFiles/picoMIDIborg.dir/home/pi/pico/pico-sdk/src/rp2_common/pico_double/double_v1_rom_shim.S.obj
 .ARM.attributes
                0x00000464       0x22 CMakeFiles/picoMIDIborg.dir/home/pi/pico/pico-sdk/src/rp2_common/pico_int64_ops/pico_int64_ops_aeabi.S.obj
 .ARM.attributes
                0x00000486       0x22 CMakeFiles/picoMIDIborg.dir/home/pi/pico/pico-sdk/src/rp2_common/pico_float/float_aeabi.S.obj
 .ARM.attributes
                0x000004a8       0x2c CMakeFiles/picoMIDIborg.dir/home/pi/pico/pico-sdk/src/rp2_common/pico_float/float_init_rom.c.obj
 .ARM.attributes
                0x000004d4       0x22 CMakeFiles/picoMIDIborg.dir/home/pi/pico/pico-sdk/src/rp2_common/pico_float/float_v1_rom_shim.S.obj
 .ARM.attributes
                0x000004f6       0x22 CMakeFiles/picoMIDIborg.dir/home/pi/pico/pico-sdk/src/rp2_common/pico_mem_ops/mem_ops_aeabi.S.obj
 .ARM.attributes
                0x00000518       0x22 CMakeFiles/picoMIDIborg.dir/home/pi/pico/pico-sdk/src/rp2_common/pico_standard_link/crt0.S.obj
 .ARM.attributes
                0x0000053a       0x32 CMakeFiles/picoMIDIborg.dir/home/pi/pico/pico-sdk/src/rp2_common/pico_standard_link/binary_info.c.obj
 .ARM.attributes
                0x0000056c       0x2c CMakeFiles/picoMIDIborg.dir/home/pi/pico/pico-sdk/src/rp2_common/pico_stdio/stdio.c.obj
 .ARM.attributes
                0x00000598       0x22 /tmp/ccqvqR3n.o
 .ARM.attributes
                0x000005ba       0x1e /usr/lib/gcc/arm-none-eabi/8.3.1/thumb/v6-m/nofp/libgcc.a(_dvmd_tls.o)
 .ARM.attributes
                0x000005d8       0x2c /usr/lib/gcc/arm-none-eabi/8.3.1/../../../arm-none-eabi/lib/thumb/v6-m/nofp/libg.a(lib_a-strlen-stub.o)
 .ARM.attributes
                0x00000604       0x2c /usr/lib/gcc/arm-none-eabi/8.3.1/thumb/v6-m/nofp/crtend.o

.comment        0x00000000       0x9f
 .comment       0x00000000       0x51 /usr/lib/gcc/arm-none-eabi/8.3.1/thumb/v6-m/nofp/crtbegin.o
                                 0x52 (size before relaxing)
 .comment       0x00000051       0x52 CMakeFiles/picoMIDIborg.dir/main.c.obj
 .comment       0x00000051       0x52 CMakeFiles/picoMIDIborg.dir/extrafunc.c.obj
 .comment       0x00000051       0x52 CMakeFiles/picoMIDIborg.dir/home/pi/pico/pico-sdk/src/rp2_common/hardware_gpio/gpio.c.obj
 .comment       0x00000051       0x52 CMakeFiles/picoMIDIborg.dir/home/pi/pico/pico-sdk/src/rp2_common/hardware_claim/claim.c.obj
 .comment       0x00000051       0x52 CMakeFiles/picoMIDIborg.dir/home/pi/pico/pico-sdk/src/rp2_common/pico_platform/platform.c.obj
 .comment       0x00000051       0x52 CMakeFiles/picoMIDIborg.dir/home/pi/pico/pico-sdk/src/rp2_common/hardware_sync/sync.c.obj
 .comment       0x00000051       0x52 CMakeFiles/picoMIDIborg.dir/home/pi/pico/pico-sdk/src/common/pico_time/time.c.obj
 .comment       0x00000051       0x52 CMakeFiles/picoMIDIborg.dir/home/pi/pico/pico-sdk/src/rp2_common/hardware_timer/timer.c.obj
 .comment       0x00000051       0x52 CMakeFiles/picoMIDIborg.dir/home/pi/pico/pico-sdk/src/common/pico_sync/lock_core.c.obj
 .comment       0x00000051       0x52 CMakeFiles/picoMIDIborg.dir/home/pi/pico/pico-sdk/src/common/pico_sync/mutex.c.obj
 .comment       0x00000051       0x52 CMakeFiles/picoMIDIborg.dir/home/pi/pico/pico-sdk/src/common/pico_util/pheap.c.obj
 .comment       0x00000051       0x52 CMakeFiles/picoMIDIborg.dir/home/pi/pico/pico-sdk/src/rp2_common/pico_runtime/runtime.c.obj
 .comment       0x00000051       0x52 CMakeFiles/picoMIDIborg.dir/home/pi/pico/pico-sdk/src/rp2_common/hardware_clocks/clocks.c.obj
 .comment       0x00000051       0x52 CMakeFiles/picoMIDIborg.dir/home/pi/pico/pico-sdk/src/rp2_common/hardware_irq/irq.c.obj
 .comment       0x00000051       0x52 CMakeFiles/picoMIDIborg.dir/home/pi/pico/pico-sdk/src/rp2_common/hardware_pll/pll.c.obj
 .comment       0x00000051       0x52 CMakeFiles/picoMIDIborg.dir/home/pi/pico/pico-sdk/src/rp2_common/hardware_watchdog/watchdog.c.obj
 .comment       0x00000051       0x52 CMakeFiles/picoMIDIborg.dir/home/pi/pico/pico-sdk/src/rp2_common/hardware_xosc/xosc.c.obj
 .comment       0x00000051       0x52 CMakeFiles/picoMIDIborg.dir/home/pi/pico/pico-sdk/src/rp2_common/pico_printf/printf.c.obj
 .comment       0x00000051       0x52 CMakeFiles/picoMIDIborg.dir/home/pi/pico/pico-sdk/src/rp2_common/pico_bootrom/bootrom.c.obj
 .comment       0x00000051       0x52 CMakeFiles/picoMIDIborg.dir/home/pi/pico/pico-sdk/src/rp2_common/pico_double/double_init_rom.c.obj
 .comment       0x00000051       0x52 CMakeFiles/picoMIDIborg.dir/home/pi/pico/pico-sdk/src/rp2_common/pico_float/float_init_rom.c.obj
 .comment       0x00000051       0x52 CMakeFiles/picoMIDIborg.dir/home/pi/pico/pico-sdk/src/rp2_common/pico_standard_link/binary_info.c.obj
 .comment       0x00000051       0x52 CMakeFiles/picoMIDIborg.dir/home/pi/pico/pico-sdk/src/rp2_common/pico_stdio/stdio.c.obj
 .comment       0x00000051       0x4e /usr/lib/gcc/arm-none-eabi/8.3.1/../../../arm-none-eabi/lib/thumb/v6-m/nofp/libg.a(lib_a-strlen-stub.o)
                                 0x4f (size before relaxing)
 .comment       0x0000009f       0x52 /usr/lib/gcc/arm-none-eabi/8.3.1/thumb/v6-m/nofp/crtend.o

.debug_info     0x00000000    0x16dda
 .debug_info    0x00000000      0x175 CMakeFiles/picoMIDIborg.dir/main.c.obj
 .debug_info    0x00000175      0x626 CMakeFiles/picoMIDIborg.dir/extrafunc.c.obj
 .debug_info    0x0000079b     0x146b CMakeFiles/picoMIDIborg.dir/home/pi/pico/pico-sdk/src/rp2_common/hardware_gpio/gpio.c.obj
 .debug_info    0x00001c06      0x6a7 CMakeFiles/picoMIDIborg.dir/home/pi/pico/pico-sdk/src/rp2_common/hardware_claim/claim.c.obj
 .debug_info    0x000022ad      0x1cb CMakeFiles/picoMIDIborg.dir/home/pi/pico/pico-sdk/src/rp2_common/pico_platform/platform.c.obj
 .debug_info    0x00002478      0x591 CMakeFiles/picoMIDIborg.dir/home/pi/pico/pico-sdk/src/rp2_common/hardware_sync/sync.c.obj
 .debug_info    0x00002a09     0x43ec CMakeFiles/picoMIDIborg.dir/home/pi/pico/pico-sdk/src/common/pico_time/time.c.obj
 .debug_info    0x00006df5     0x10dc CMakeFiles/picoMIDIborg.dir/home/pi/pico/pico-sdk/src/rp2_common/hardware_timer/timer.c.obj
 .debug_info    0x00007ed1      0x1ed CMakeFiles/picoMIDIborg.dir/home/pi/pico/pico-sdk/src/common/pico_sync/lock_core.c.obj
 .debug_info    0x000080be     0x2045 CMakeFiles/picoMIDIborg.dir/home/pi/pico/pico-sdk/src/common/pico_sync/mutex.c.obj
 .debug_info    0x0000a103     0x1aab CMakeFiles/picoMIDIborg.dir/home/pi/pico/pico-sdk/src/common/pico_util/pheap.c.obj
 .debug_info    0x0000bbae     0x1341 CMakeFiles/picoMIDIborg.dir/home/pi/pico/pico-sdk/src/rp2_common/pico_runtime/runtime.c.obj
 .debug_info    0x0000ceef      0xee6 CMakeFiles/picoMIDIborg.dir/home/pi/pico/pico-sdk/src/rp2_common/hardware_clocks/clocks.c.obj
 .debug_info    0x0000ddd5     0x19b0 CMakeFiles/picoMIDIborg.dir/home/pi/pico/pico-sdk/src/rp2_common/hardware_irq/irq.c.obj
 .debug_info    0x0000f785       0x26 CMakeFiles/picoMIDIborg.dir/home/pi/pico/pico-sdk/src/rp2_common/hardware_irq/irq_handler_chain.S.obj
 .debug_info    0x0000f7ab      0x4e8 CMakeFiles/picoMIDIborg.dir/home/pi/pico/pico-sdk/src/rp2_common/hardware_pll/pll.c.obj
 .debug_info    0x0000fc93      0xd7d CMakeFiles/picoMIDIborg.dir/home/pi/pico/pico-sdk/src/rp2_common/hardware_watchdog/watchdog.c.obj
 .debug_info    0x00010a10      0x1b8 CMakeFiles/picoMIDIborg.dir/home/pi/pico/pico-sdk/src/rp2_common/hardware_xosc/xosc.c.obj
 .debug_info    0x00010bc8     0x2032 CMakeFiles/picoMIDIborg.dir/home/pi/pico/pico-sdk/src/rp2_common/pico_printf/printf.c.obj
 .debug_info    0x00012bfa       0x22 CMakeFiles/picoMIDIborg.dir/home/pi/pico/pico-sdk/src/rp2_common/pico_bit_ops/bit_ops_aeabi.S.obj
 .debug_info    0x00012c1c      0x262 CMakeFiles/picoMIDIborg.dir/home/pi/pico/pico-sdk/src/rp2_common/pico_bootrom/bootrom.c.obj
 .debug_info    0x00012e7e       0x22 CMakeFiles/picoMIDIborg.dir/home/pi/pico/pico-sdk/src/rp2_common/pico_divider/divider.S.obj
 .debug_info    0x00012ea0       0x22 CMakeFiles/picoMIDIborg.dir/home/pi/pico/pico-sdk/src/rp2_common/pico_double/double_aeabi.S.obj
 .debug_info    0x00012ec2      0xb2a CMakeFiles/picoMIDIborg.dir/home/pi/pico/pico-sdk/src/rp2_common/pico_double/double_init_rom.c.obj
 .debug_info    0x000139ec       0x22 CMakeFiles/picoMIDIborg.dir/home/pi/pico/pico-sdk/src/rp2_common/pico_double/double_v1_rom_shim.S.obj
 .debug_info    0x00013a0e       0x26 CMakeFiles/picoMIDIborg.dir/home/pi/pico/pico-sdk/src/rp2_common/pico_int64_ops/pico_int64_ops_aeabi.S.obj
 .debug_info    0x00013a34       0x22 CMakeFiles/picoMIDIborg.dir/home/pi/pico/pico-sdk/src/rp2_common/pico_float/float_aeabi.S.obj
 .debug_info    0x00013a56      0xb44 CMakeFiles/picoMIDIborg.dir/home/pi/pico/pico-sdk/src/rp2_common/pico_float/float_init_rom.c.obj
 .debug_info    0x0001459a       0x22 CMakeFiles/picoMIDIborg.dir/home/pi/pico/pico-sdk/src/rp2_common/pico_float/float_v1_rom_shim.S.obj
 .debug_info    0x000145bc       0x22 CMakeFiles/picoMIDIborg.dir/home/pi/pico/pico-sdk/src/rp2_common/pico_mem_ops/mem_ops_aeabi.S.obj
 .debug_info    0x000145de       0x22 CMakeFiles/picoMIDIborg.dir/home/pi/pico/pico-sdk/src/rp2_common/pico_standard_link/crt0.S.obj
 .debug_info    0x00014600      0x2c6 CMakeFiles/picoMIDIborg.dir/home/pi/pico/pico-sdk/src/rp2_common/pico_standard_link/binary_info.c.obj
 .debug_info    0x000148c6     0x1b7b CMakeFiles/picoMIDIborg.dir/home/pi/pico/pico-sdk/src/rp2_common/pico_stdio/stdio.c.obj
 .debug_info    0x00016441       0x26 /usr/lib/gcc/arm-none-eabi/8.3.1/thumb/v6-m/nofp/libgcc.a(_dvmd_tls.o)
 .debug_info    0x00016467      0x973 /usr/lib/gcc/arm-none-eabi/8.3.1/../../../arm-none-eabi/lib/thumb/v6-m/nofp/libg.a(lib_a-strlen-stub.o)

.debug_abbrev   0x00000000     0x45a1
 .debug_abbrev  0x00000000       0xdc CMakeFiles/picoMIDIborg.dir/main.c.obj
 .debug_abbrev  0x000000dc      0x1d1 CMakeFiles/picoMIDIborg.dir/extrafunc.c.obj
 .debug_abbrev  0x000002ad      0x2cd CMakeFiles/picoMIDIborg.dir/home/pi/pico/pico-sdk/src/rp2_common/hardware_gpio/gpio.c.obj
 .debug_abbrev  0x0000057a      0x2fb CMakeFiles/picoMIDIborg.dir/home/pi/pico/pico-sdk/src/rp2_common/hardware_claim/claim.c.obj
 .debug_abbrev  0x00000875       0xeb CMakeFiles/picoMIDIborg.dir/home/pi/pico/pico-sdk/src/rp2_common/pico_platform/platform.c.obj
 .debug_abbrev  0x00000960      0x224 CMakeFiles/picoMIDIborg.dir/home/pi/pico/pico-sdk/src/rp2_common/hardware_sync/sync.c.obj
 .debug_abbrev  0x00000b84      0x63a CMakeFiles/picoMIDIborg.dir/home/pi/pico/pico-sdk/src/common/pico_time/time.c.obj
 .debug_abbrev  0x000011be      0x3c7 CMakeFiles/picoMIDIborg.dir/home/pi/pico/pico-sdk/src/rp2_common/hardware_timer/timer.c.obj
 .debug_abbrev  0x00001585      0x141 CMakeFiles/picoMIDIborg.dir/home/pi/pico/pico-sdk/src/common/pico_sync/lock_core.c.obj
 .debug_abbrev  0x000016c6      0x3a2 CMakeFiles/picoMIDIborg.dir/home/pi/pico/pico-sdk/src/common/pico_sync/mutex.c.obj
 .debug_abbrev  0x00001a68      0x3ad CMakeFiles/picoMIDIborg.dir/home/pi/pico/pico-sdk/src/common/pico_util/pheap.c.obj
 .debug_abbrev  0x00001e15      0x4aa CMakeFiles/picoMIDIborg.dir/home/pi/pico/pico-sdk/src/rp2_common/pico_runtime/runtime.c.obj
 .debug_abbrev  0x000022bf      0x3c8 CMakeFiles/picoMIDIborg.dir/home/pi/pico/pico-sdk/src/rp2_common/hardware_clocks/clocks.c.obj
 .debug_abbrev  0x00002687      0x4e5 CMakeFiles/picoMIDIborg.dir/home/pi/pico/pico-sdk/src/rp2_common/hardware_irq/irq.c.obj
 .debug_abbrev  0x00002b6c       0x14 CMakeFiles/picoMIDIborg.dir/home/pi/pico/pico-sdk/src/rp2_common/hardware_irq/irq_handler_chain.S.obj
 .debug_abbrev  0x00002b80      0x1ee CMakeFiles/picoMIDIborg.dir/home/pi/pico/pico-sdk/src/rp2_common/hardware_pll/pll.c.obj
 .debug_abbrev  0x00002d6e      0x2d8 CMakeFiles/picoMIDIborg.dir/home/pi/pico/pico-sdk/src/rp2_common/hardware_watchdog/watchdog.c.obj
 .debug_abbrev  0x00003046      0x106 CMakeFiles/picoMIDIborg.dir/home/pi/pico/pico-sdk/src/rp2_common/hardware_xosc/xosc.c.obj
 .debug_abbrev  0x0000314c      0x4aa CMakeFiles/picoMIDIborg.dir/home/pi/pico/pico-sdk/src/rp2_common/pico_printf/printf.c.obj
 .debug_abbrev  0x000035f6       0x12 CMakeFiles/picoMIDIborg.dir/home/pi/pico/pico-sdk/src/rp2_common/pico_bit_ops/bit_ops_aeabi.S.obj
 .debug_abbrev  0x00003608      0x144 CMakeFiles/picoMIDIborg.dir/home/pi/pico/pico-sdk/src/rp2_common/pico_bootrom/bootrom.c.obj
 .debug_abbrev  0x0000374c       0x12 CMakeFiles/picoMIDIborg.dir/home/pi/pico/pico-sdk/src/rp2_common/pico_divider/divider.S.obj
 .debug_abbrev  0x0000375e       0x12 CMakeFiles/picoMIDIborg.dir/home/pi/pico/pico-sdk/src/rp2_common/pico_double/double_aeabi.S.obj
 .debug_abbrev  0x00003770      0x2c2 CMakeFiles/picoMIDIborg.dir/home/pi/pico/pico-sdk/src/rp2_common/pico_double/double_init_rom.c.obj
 .debug_abbrev  0x00003a32       0x12 CMakeFiles/picoMIDIborg.dir/home/pi/pico/pico-sdk/src/rp2_common/pico_double/double_v1_rom_shim.S.obj
 .debug_abbrev  0x00003a44       0x14 CMakeFiles/picoMIDIborg.dir/home/pi/pico/pico-sdk/src/rp2_common/pico_int64_ops/pico_int64_ops_aeabi.S.obj
 .debug_abbrev  0x00003a58       0x12 CMakeFiles/picoMIDIborg.dir/home/pi/pico/pico-sdk/src/rp2_common/pico_float/float_aeabi.S.obj
 .debug_abbrev  0x00003a6a      0x2d5 CMakeFiles/picoMIDIborg.dir/home/pi/pico/pico-sdk/src/rp2_common/pico_float/float_init_rom.c.obj
 .debug_abbrev  0x00003d3f       0x12 CMakeFiles/picoMIDIborg.dir/home/pi/pico/pico-sdk/src/rp2_common/pico_float/float_v1_rom_shim.S.obj
 .debug_abbrev  0x00003d51       0x12 CMakeFiles/picoMIDIborg.dir/home/pi/pico/pico-sdk/src/rp2_common/pico_mem_ops/mem_ops_aeabi.S.obj
 .debug_abbrev  0x00003d63       0x12 CMakeFiles/picoMIDIborg.dir/home/pi/pico/pico-sdk/src/rp2_common/pico_standard_link/crt0.S.obj
 .debug_abbrev  0x00003d75       0xad CMakeFiles/picoMIDIborg.dir/home/pi/pico/pico-sdk/src/rp2_common/pico_standard_link/binary_info.c.obj
 .debug_abbrev  0x00003e22      0x583 CMakeFiles/picoMIDIborg.dir/home/pi/pico/pico-sdk/src/rp2_common/pico_stdio/stdio.c.obj
 .debug_abbrev  0x000043a5       0x14 /usr/lib/gcc/arm-none-eabi/8.3.1/thumb/v6-m/nofp/libgcc.a(_dvmd_tls.o)
 .debug_abbrev  0x000043b9      0x1e8 /usr/lib/gcc/arm-none-eabi/8.3.1/../../../arm-none-eabi/lib/thumb/v6-m/nofp/libg.a(lib_a-strlen-stub.o)

.debug_aranges  0x00000000      0xd60
 .debug_aranges
                0x00000000       0x20 CMakeFiles/picoMIDIborg.dir/main.c.obj
 .debug_aranges
                0x00000020       0x28 CMakeFiles/picoMIDIborg.dir/extrafunc.c.obj
 .debug_aranges
                0x00000048       0xd8 CMakeFiles/picoMIDIborg.dir/home/pi/pico/pico-sdk/src/rp2_common/hardware_gpio/gpio.c.obj
 .debug_aranges
                0x00000120       0x48 CMakeFiles/picoMIDIborg.dir/home/pi/pico/pico-sdk/src/rp2_common/hardware_claim/claim.c.obj
 .debug_aranges
                0x00000168       0x28 CMakeFiles/picoMIDIborg.dir/home/pi/pico/pico-sdk/src/rp2_common/pico_platform/platform.c.obj
 .debug_aranges
                0x00000190       0x58 CMakeFiles/picoMIDIborg.dir/home/pi/pico/pico-sdk/src/rp2_common/hardware_sync/sync.c.obj
 .debug_aranges
                0x000001e8       0xd0 CMakeFiles/picoMIDIborg.dir/home/pi/pico/pico-sdk/src/common/pico_time/time.c.obj
 .debug_aranges
                0x000002b8       0x78 CMakeFiles/picoMIDIborg.dir/home/pi/pico/pico-sdk/src/rp2_common/hardware_timer/timer.c.obj
 .debug_aranges
                0x00000330       0x20 CMakeFiles/picoMIDIborg.dir/home/pi/pico/pico-sdk/src/common/pico_sync/lock_core.c.obj
 .debug_aranges
                0x00000350       0x88 CMakeFiles/picoMIDIborg.dir/home/pi/pico/pico-sdk/src/common/pico_sync/mutex.c.obj
 .debug_aranges
                0x000003d8       0x78 CMakeFiles/picoMIDIborg.dir/home/pi/pico/pico-sdk/src/common/pico_util/pheap.c.obj
 .debug_aranges
                0x00000450       0x60 CMakeFiles/picoMIDIborg.dir/home/pi/pico/pico-sdk/src/rp2_common/pico_runtime/runtime.c.obj
 .debug_aranges
                0x000004b0       0x70 CMakeFiles/picoMIDIborg.dir/home/pi/pico/pico-sdk/src/rp2_common/hardware_clocks/clocks.c.obj
 .debug_aranges
                0x00000520       0x98 CMakeFiles/picoMIDIborg.dir/home/pi/pico/pico-sdk/src/rp2_common/hardware_irq/irq.c.obj
 .debug_aranges
                0x000005b8       0x20 CMakeFiles/picoMIDIborg.dir/home/pi/pico/pico-sdk/src/rp2_common/hardware_irq/irq_handler_chain.S.obj
 .debug_aranges
                0x000005d8       0x28 CMakeFiles/picoMIDIborg.dir/home/pi/pico/pico-sdk/src/rp2_common/hardware_pll/pll.c.obj
 .debug_aranges
                0x00000600       0x58 CMakeFiles/picoMIDIborg.dir/home/pi/pico/pico-sdk/src/rp2_common/hardware_watchdog/watchdog.c.obj
 .debug_aranges
                0x00000658       0x30 CMakeFiles/picoMIDIborg.dir/home/pi/pico/pico-sdk/src/rp2_common/hardware_xosc/xosc.c.obj
 .debug_aranges
                0x00000688       0x90 CMakeFiles/picoMIDIborg.dir/home/pi/pico/pico-sdk/src/rp2_common/pico_printf/printf.c.obj
 .debug_aranges
                0x00000718       0x68 CMakeFiles/picoMIDIborg.dir/home/pi/pico/pico-sdk/src/rp2_common/pico_bit_ops/bit_ops_aeabi.S.obj
 .debug_aranges
                0x00000780       0x30 CMakeFiles/picoMIDIborg.dir/home/pi/pico/pico-sdk/src/rp2_common/pico_bootrom/bootrom.c.obj
 .debug_aranges
                0x000007b0       0x40 CMakeFiles/picoMIDIborg.dir/home/pi/pico/pico-sdk/src/rp2_common/pico_divider/divider.S.obj
 .debug_aranges
                0x000007f0      0x140 CMakeFiles/picoMIDIborg.dir/home/pi/pico/pico-sdk/src/rp2_common/pico_double/double_aeabi.S.obj
 .debug_aranges
                0x00000930       0x20 CMakeFiles/picoMIDIborg.dir/home/pi/pico/pico-sdk/src/rp2_common/pico_double/double_init_rom.c.obj
 .debug_aranges
                0x00000950       0xc8 CMakeFiles/picoMIDIborg.dir/home/pi/pico/pico-sdk/src/rp2_common/pico_double/double_v1_rom_shim.S.obj
 .debug_aranges
                0x00000a18       0x20 CMakeFiles/picoMIDIborg.dir/home/pi/pico/pico-sdk/src/rp2_common/pico_int64_ops/pico_int64_ops_aeabi.S.obj
 .debug_aranges
                0x00000a38      0x130 CMakeFiles/picoMIDIborg.dir/home/pi/pico/pico-sdk/src/rp2_common/pico_float/float_aeabi.S.obj
 .debug_aranges
                0x00000b68       0x20 CMakeFiles/picoMIDIborg.dir/home/pi/pico/pico-sdk/src/rp2_common/pico_float/float_init_rom.c.obj
 .debug_aranges
                0x00000b88       0x50 CMakeFiles/picoMIDIborg.dir/home/pi/pico/pico-sdk/src/rp2_common/pico_float/float_v1_rom_shim.S.obj
 .debug_aranges
                0x00000bd8       0x38 CMakeFiles/picoMIDIborg.dir/home/pi/pico/pico-sdk/src/rp2_common/pico_mem_ops/mem_ops_aeabi.S.obj
 .debug_aranges
                0x00000c10       0x28 CMakeFiles/picoMIDIborg.dir/home/pi/pico/pico-sdk/src/rp2_common/pico_standard_link/crt0.S.obj
 .debug_aranges
                0x00000c38       0x18 CMakeFiles/picoMIDIborg.dir/home/pi/pico/pico-sdk/src/rp2_common/pico_standard_link/binary_info.c.obj
 .debug_aranges
                0x00000c50       0xd0 CMakeFiles/picoMIDIborg.dir/home/pi/pico/pico-sdk/src/rp2_common/pico_stdio/stdio.c.obj
 .debug_aranges
                0x00000d20       0x20 /usr/lib/gcc/arm-none-eabi/8.3.1/thumb/v6-m/nofp/libgcc.a(_dvmd_tls.o)
 .debug_aranges
                0x00000d40       0x20 /usr/lib/gcc/arm-none-eabi/8.3.1/../../../arm-none-eabi/lib/thumb/v6-m/nofp/libg.a(lib_a-strlen-stub.o)

.debug_ranges   0x00000000     0x2bf0
 .debug_ranges  0x00000000       0x10 CMakeFiles/picoMIDIborg.dir/main.c.obj
 .debug_ranges  0x00000010       0x18 CMakeFiles/picoMIDIborg.dir/extrafunc.c.obj
 .debug_ranges  0x00000028       0xe0 CMakeFiles/picoMIDIborg.dir/home/pi/pico/pico-sdk/src/rp2_common/hardware_gpio/gpio.c.obj
 .debug_ranges  0x00000108       0xd8 CMakeFiles/picoMIDIborg.dir/home/pi/pico/pico-sdk/src/rp2_common/hardware_claim/claim.c.obj
 .debug_ranges  0x000001e0       0x18 CMakeFiles/picoMIDIborg.dir/home/pi/pico/pico-sdk/src/rp2_common/pico_platform/platform.c.obj
 .debug_ranges  0x000001f8       0xf0 CMakeFiles/picoMIDIborg.dir/home/pi/pico/pico-sdk/src/rp2_common/hardware_sync/sync.c.obj
 .debug_ranges  0x000002e8      0xbb0 CMakeFiles/picoMIDIborg.dir/home/pi/pico/pico-sdk/src/common/pico_time/time.c.obj
 .debug_ranges  0x00000e98      0x358 CMakeFiles/picoMIDIborg.dir/home/pi/pico/pico-sdk/src/rp2_common/hardware_timer/timer.c.obj
 .debug_ranges  0x000011f0       0x10 CMakeFiles/picoMIDIborg.dir/home/pi/pico/pico-sdk/src/common/pico_sync/lock_core.c.obj
 .debug_ranges  0x00001200      0xac8 CMakeFiles/picoMIDIborg.dir/home/pi/pico/pico-sdk/src/common/pico_sync/mutex.c.obj
 .debug_ranges  0x00001cc8      0x230 CMakeFiles/picoMIDIborg.dir/home/pi/pico/pico-sdk/src/common/pico_util/pheap.c.obj
 .debug_ranges  0x00001ef8       0x80 CMakeFiles/picoMIDIborg.dir/home/pi/pico/pico-sdk/src/rp2_common/pico_runtime/runtime.c.obj
 .debug_ranges  0x00001f78       0x60 CMakeFiles/picoMIDIborg.dir/home/pi/pico/pico-sdk/src/rp2_common/hardware_clocks/clocks.c.obj
 .debug_ranges  0x00001fd8      0x3d0 CMakeFiles/picoMIDIborg.dir/home/pi/pico/pico-sdk/src/rp2_common/hardware_irq/irq.c.obj
 .debug_ranges  0x000023a8       0x30 CMakeFiles/picoMIDIborg.dir/home/pi/pico/pico-sdk/src/rp2_common/hardware_pll/pll.c.obj
 .debug_ranges  0x000023d8       0x48 CMakeFiles/picoMIDIborg.dir/home/pi/pico/pico-sdk/src/rp2_common/hardware_watchdog/watchdog.c.obj
 .debug_ranges  0x00002420       0x20 CMakeFiles/picoMIDIborg.dir/home/pi/pico/pico-sdk/src/rp2_common/hardware_xosc/xosc.c.obj
 .debug_ranges  0x00002440      0x120 CMakeFiles/picoMIDIborg.dir/home/pi/pico/pico-sdk/src/rp2_common/pico_printf/printf.c.obj
 .debug_ranges  0x00002560       0x60 CMakeFiles/picoMIDIborg.dir/home/pi/pico/pico-sdk/src/rp2_common/pico_bit_ops/bit_ops_aeabi.S.obj
 .debug_ranges  0x000025c0       0x38 CMakeFiles/picoMIDIborg.dir/home/pi/pico/pico-sdk/src/rp2_common/pico_bootrom/bootrom.c.obj
 .debug_ranges  0x000025f8       0x38 CMakeFiles/picoMIDIborg.dir/home/pi/pico/pico-sdk/src/rp2_common/pico_divider/divider.S.obj
 .debug_ranges  0x00002630      0x138 CMakeFiles/picoMIDIborg.dir/home/pi/pico/pico-sdk/src/rp2_common/pico_double/double_aeabi.S.obj
 .debug_ranges  0x00002768       0x30 CMakeFiles/picoMIDIborg.dir/home/pi/pico/pico-sdk/src/rp2_common/pico_double/double_init_rom.c.obj
 .debug_ranges  0x00002798       0xc0 CMakeFiles/picoMIDIborg.dir/home/pi/pico/pico-sdk/src/rp2_common/pico_double/double_v1_rom_shim.S.obj
 .debug_ranges  0x00002858      0x128 CMakeFiles/picoMIDIborg.dir/home/pi/pico/pico-sdk/src/rp2_common/pico_float/float_aeabi.S.obj
 .debug_ranges  0x00002980       0x28 CMakeFiles/picoMIDIborg.dir/home/pi/pico/pico-sdk/src/rp2_common/pico_float/float_init_rom.c.obj
 .debug_ranges  0x000029a8       0x48 CMakeFiles/picoMIDIborg.dir/home/pi/pico/pico-sdk/src/rp2_common/pico_float/float_v1_rom_shim.S.obj
 .debug_ranges  0x000029f0       0x30 CMakeFiles/picoMIDIborg.dir/home/pi/pico/pico-sdk/src/rp2_common/pico_mem_ops/mem_ops_aeabi.S.obj
 .debug_ranges  0x00002a20       0x20 CMakeFiles/picoMIDIborg.dir/home/pi/pico/pico-sdk/src/rp2_common/pico_standard_link/crt0.S.obj
 .debug_ranges  0x00002a40      0x1b0 CMakeFiles/picoMIDIborg.dir/home/pi/pico/pico-sdk/src/rp2_common/pico_stdio/stdio.c.obj

.debug_line     0x00000000     0xba1d
 .debug_line    0x00000000      0x1ea CMakeFiles/picoMIDIborg.dir/main.c.obj
 .debug_line    0x000001ea      0x35d CMakeFiles/picoMIDIborg.dir/extrafunc.c.obj
 .debug_line    0x00000547      0x91a CMakeFiles/picoMIDIborg.dir/home/pi/pico/pico-sdk/src/rp2_common/hardware_gpio/gpio.c.obj
 .debug_line    0x00000e61      0x3af CMakeFiles/picoMIDIborg.dir/home/pi/pico/pico-sdk/src/rp2_common/hardware_claim/claim.c.obj
 .debug_line    0x00001210      0x1d5 CMakeFiles/picoMIDIborg.dir/home/pi/pico/pico-sdk/src/rp2_common/pico_platform/platform.c.obj
 .debug_line    0x000013e5      0x39d CMakeFiles/picoMIDIborg.dir/home/pi/pico/pico-sdk/src/rp2_common/hardware_sync/sync.c.obj
 .debug_line    0x00001782     0x1864 CMakeFiles/picoMIDIborg.dir/home/pi/pico/pico-sdk/src/common/pico_time/time.c.obj
 .debug_line    0x00002fe6      0x9ff CMakeFiles/picoMIDIborg.dir/home/pi/pico/pico-sdk/src/rp2_common/hardware_timer/timer.c.obj
 .debug_line    0x000039e5      0x1db CMakeFiles/picoMIDIborg.dir/home/pi/pico/pico-sdk/src/common/pico_sync/lock_core.c.obj
 .debug_line    0x00003bc0      0xf17 CMakeFiles/picoMIDIborg.dir/home/pi/pico/pico-sdk/src/common/pico_sync/mutex.c.obj
 .debug_line    0x00004ad7      0x846 CMakeFiles/picoMIDIborg.dir/home/pi/pico/pico-sdk/src/common/pico_util/pheap.c.obj
 .debug_line    0x0000531d      0x795 CMakeFiles/picoMIDIborg.dir/home/pi/pico/pico-sdk/src/rp2_common/pico_runtime/runtime.c.obj
 .debug_line    0x00005ab2      0x8b6 CMakeFiles/picoMIDIborg.dir/home/pi/pico/pico-sdk/src/rp2_common/hardware_clocks/clocks.c.obj
 .debug_line    0x00006368      0xdcc CMakeFiles/picoMIDIborg.dir/home/pi/pico/pico-sdk/src/rp2_common/hardware_irq/irq.c.obj
 .debug_line    0x00007134       0x80 CMakeFiles/picoMIDIborg.dir/home/pi/pico/pico-sdk/src/rp2_common/hardware_irq/irq_handler_chain.S.obj
 .debug_line    0x000071b4      0x46a CMakeFiles/picoMIDIborg.dir/home/pi/pico/pico-sdk/src/rp2_common/hardware_pll/pll.c.obj
 .debug_line    0x0000761e      0x3f1 CMakeFiles/picoMIDIborg.dir/home/pi/pico/pico-sdk/src/rp2_common/hardware_watchdog/watchdog.c.obj
 .debug_line    0x00007a0f      0x213 CMakeFiles/picoMIDIborg.dir/home/pi/pico/pico-sdk/src/rp2_common/hardware_xosc/xosc.c.obj
 .debug_line    0x00007c22     0x10d5 CMakeFiles/picoMIDIborg.dir/home/pi/pico/pico-sdk/src/rp2_common/pico_printf/printf.c.obj
 .debug_line    0x00008cf7      0x143 CMakeFiles/picoMIDIborg.dir/home/pi/pico/pico-sdk/src/rp2_common/pico_bit_ops/bit_ops_aeabi.S.obj
 .debug_line    0x00008e3a      0x1a3 CMakeFiles/picoMIDIborg.dir/home/pi/pico/pico-sdk/src/rp2_common/pico_bootrom/bootrom.c.obj
 .debug_line    0x00008fdd      0x2cc CMakeFiles/picoMIDIborg.dir/home/pi/pico/pico-sdk/src/rp2_common/pico_divider/divider.S.obj
 .debug_line    0x000092a9      0x421 CMakeFiles/picoMIDIborg.dir/home/pi/pico/pico-sdk/src/rp2_common/pico_double/double_aeabi.S.obj
 .debug_line    0x000096ca      0x2d8 CMakeFiles/picoMIDIborg.dir/home/pi/pico/pico-sdk/src/rp2_common/pico_double/double_init_rom.c.obj
 .debug_line    0x000099a2      0x697 CMakeFiles/picoMIDIborg.dir/home/pi/pico/pico-sdk/src/rp2_common/pico_double/double_v1_rom_shim.S.obj
 .debug_line    0x0000a039       0x93 CMakeFiles/picoMIDIborg.dir/home/pi/pico/pico-sdk/src/rp2_common/pico_int64_ops/pico_int64_ops_aeabi.S.obj
 .debug_line    0x0000a0cc      0x3d7 CMakeFiles/picoMIDIborg.dir/home/pi/pico/pico-sdk/src/rp2_common/pico_float/float_aeabi.S.obj
 .debug_line    0x0000a4a3      0x2c0 CMakeFiles/picoMIDIborg.dir/home/pi/pico/pico-sdk/src/rp2_common/pico_float/float_init_rom.c.obj
 .debug_line    0x0000a763      0x1c3 CMakeFiles/picoMIDIborg.dir/home/pi/pico/pico-sdk/src/rp2_common/pico_float/float_v1_rom_shim.S.obj
 .debug_line    0x0000a926       0xbd CMakeFiles/picoMIDIborg.dir/home/pi/pico/pico-sdk/src/rp2_common/pico_mem_ops/mem_ops_aeabi.S.obj
 .debug_line    0x0000a9e3       0xce CMakeFiles/picoMIDIborg.dir/home/pi/pico/pico-sdk/src/rp2_common/pico_standard_link/crt0.S.obj
 .debug_line    0x0000aab1      0x13b CMakeFiles/picoMIDIborg.dir/home/pi/pico/pico-sdk/src/rp2_common/pico_standard_link/binary_info.c.obj
 .debug_line    0x0000abec      0xc0f CMakeFiles/picoMIDIborg.dir/home/pi/pico/pico-sdk/src/rp2_common/pico_stdio/stdio.c.obj
 .debug_line    0x0000b7fb       0x60 /usr/lib/gcc/arm-none-eabi/8.3.1/thumb/v6-m/nofp/libgcc.a(_dvmd_tls.o)
 .debug_line    0x0000b85b      0x1c2 /usr/lib/gcc/arm-none-eabi/8.3.1/../../../arm-none-eabi/lib/thumb/v6-m/nofp/libg.a(lib_a-strlen-stub.o)

.debug_str      0x00000000     0x32a3
 .debug_str     0x00000000      0x207 CMakeFiles/picoMIDIborg.dir/main.c.obj
                                0x244 (size before relaxing)
 .debug_str     0x00000207      0x253 CMakeFiles/picoMIDIborg.dir/extrafunc.c.obj
                                0x47d (size before relaxing)
 .debug_str     0x0000045a      0x4f6 CMakeFiles/picoMIDIborg.dir/home/pi/pico/pico-sdk/src/rp2_common/hardware_gpio/gpio.c.obj
                                0x89d (size before relaxing)
 .debug_str     0x00000950      0x1c6 CMakeFiles/picoMIDIborg.dir/home/pi/pico/pico-sdk/src/rp2_common/hardware_claim/claim.c.obj
                                0x380 (size before relaxing)
 .debug_str     0x00000b16       0x7d CMakeFiles/picoMIDIborg.dir/home/pi/pico/pico-sdk/src/rp2_common/pico_platform/platform.c.obj
                                0x23c (size before relaxing)
 .debug_str     0x00000b93       0xe8 CMakeFiles/picoMIDIborg.dir/home/pi/pico/pico-sdk/src/rp2_common/hardware_sync/sync.c.obj
                                0x367 (size before relaxing)
 .debug_str     0x00000c7b      0xacd CMakeFiles/picoMIDIborg.dir/home/pi/pico/pico-sdk/src/common/pico_time/time.c.obj
                                0xf6f (size before relaxing)
 .debug_str     0x00001748      0x17e CMakeFiles/picoMIDIborg.dir/home/pi/pico/pico-sdk/src/rp2_common/hardware_timer/timer.c.obj
                                0x687 (size before relaxing)
 .debug_str     0x000018c6       0x38 CMakeFiles/picoMIDIborg.dir/home/pi/pico/pico-sdk/src/common/pico_sync/lock_core.c.obj
                                0x273 (size before relaxing)
 .debug_str     0x000018fe      0x161 CMakeFiles/picoMIDIborg.dir/home/pi/pico/pico-sdk/src/common/pico_sync/mutex.c.obj
                                0x5dc (size before relaxing)
 .debug_str     0x00001a5f       0xf2 CMakeFiles/picoMIDIborg.dir/home/pi/pico/pico-sdk/src/common/pico_util/pheap.c.obj
                                0x804 (size before relaxing)
 .debug_str     0x00001b51      0x2d7 CMakeFiles/picoMIDIborg.dir/home/pi/pico/pico-sdk/src/rp2_common/pico_runtime/runtime.c.obj
                                0xa6a (size before relaxing)
 .debug_str     0x00001e28      0x253 CMakeFiles/picoMIDIborg.dir/home/pi/pico/pico-sdk/src/rp2_common/hardware_clocks/clocks.c.obj
                                0x65d (size before relaxing)
 .debug_str     0x0000207b      0x2ea CMakeFiles/picoMIDIborg.dir/home/pi/pico/pico-sdk/src/rp2_common/hardware_irq/irq.c.obj
                                0x70d (size before relaxing)